     VMA      LMA     Size Align Out     In      Symbol
       0        0        0     1 PAGE_SIZE = 256
       0        0        0     1 STACK_SIZE = 1500
       0        0        0     1 END_STACK = ORIGIN ( SRAM ) + LENGTH ( SRAM )
c0de0000 c0de0000    11800     8 .text
c0de0000 c0de0000        0     1         _text = .
c0de0000 c0de0000        0     1         _nvram_start = .
c0de0000 c0de0000       38     2         obj/main.o:(.boot)
c0de0000 c0de0000        0     1                 $t.36
c0de0001 c0de0001       38     1                 main
c0de0038 c0de0038      58c     4         obj/bagl.o:(.text.bagl_draw_with_context)
c0de0038 c0de0038        0     1                 $t.1
c0de0039 c0de0039      58c     1                 bagl_draw_with_context
c0de03e8 c0de03e8        0     1                 $d.2
c0de03ec c0de03ec        0     1                 $t.3
c0de05b4 c0de05b4        0     1                 $d.4
c0de05c4 c0de05c4       48     4         obj/bagl.o:(.text.bagl_get_font)
c0de05c4 c0de05c4        0     1                 $t.5
c0de05c5 c0de05c5       48     1                 bagl_get_font
c0de0600 c0de0600        0     1                 $d.6
c0de060c c0de060c       9e     2         obj/bagl.o:(.text.bagl_compute_line_width)
c0de060c c0de060c        0     1                 $t.7
c0de060d c0de060d       9e     1                 bagl_compute_line_width
c0de06ac c0de06ac      1e8     4         obj/bagl.o:(.text.bagl_draw_string)
c0de06ac c0de06ac        0     1                 $t.8
c0de06ad c0de06ad      1e8     1                 bagl_draw_string
c0de0890 c0de0890        0     1                 $d.9
c0de0894 c0de0894      35e     2         obj/bagl.o:(.text.bagl_draw_circle_helper)
c0de0894 c0de0894        0     1                 $t.10
c0de0895 c0de0895      35e     1                 bagl_draw_circle_helper
c0de0bf2 c0de0bf2       50     2         obj/bagl.o:(.text.bagl_draw_glyph)
c0de0bf2 c0de0bf2        0     1                 $t.11
c0de0bf3 c0de0bf3       50     1                 bagl_draw_glyph
c0de0c44 c0de0c44       44     4         obj/ble_gap_aci.o:(.text.aci_gap_set_io_capability)
c0de0c44 c0de0c44        0     1                 $t.8
c0de0c45 c0de0c45       44     1                 aci_gap_set_io_capability
c0de0c84 c0de0c84        0     1                 $d.9
c0de0c88 c0de0c88       6c     4         obj/ble_gap_aci.o:(.text.aci_gap_set_authentication_requirement)
c0de0c88 c0de0c88        0     1                 $t.10
c0de0c89 c0de0c89       6c     1                 aci_gap_set_authentication_requirement
c0de0cf0 c0de0cf0        0     1                 $d.11
c0de0cf4 c0de0cf4       4c     4         obj/ble_gap_aci.o:(.text.aci_gap_pass_key_resp)
c0de0cf4 c0de0cf4        0     1                 $t.14
c0de0cf5 c0de0cf5       4c     1                 aci_gap_pass_key_resp
c0de0d3c c0de0d3c        0     1                 $d.15
c0de0d40 c0de0d40       8c     4         obj/ble_gap_aci.o:(.text.aci_gap_init)
c0de0d40 c0de0d40        0     1                 $t.18
c0de0d41 c0de0d41       8c     1                 aci_gap_init
c0de0dc8 c0de0dc8        0     1                 $d.19
c0de0dcc c0de0dcc       4c     4         obj/ble_gap_aci.o:(.text.aci_gap_terminate)
c0de0dcc c0de0dcc        0     1                 $t.36
c0de0dcd c0de0dcd       4c     1                 aci_gap_terminate
c0de0e14 c0de0e14        0     1                 $d.37
c0de0e18 c0de0e18       48     4         obj/ble_gap_aci.o:(.text.aci_gap_numeric_comparison_value_confirm_yesno)
c0de0e18 c0de0e18        0     1                 $t.72
c0de0e19 c0de0e19       48     1                 aci_gap_numeric_comparison_value_confirm_yesno
c0de0e5c c0de0e5c        0     1                 $d.73
c0de0e60 c0de0e60       3c     4         obj/ble_gatt_aci.o:(.text.aci_gatt_init)
c0de0e60 c0de0e60        0     1                 $t.0
c0de0e61 c0de0e61       3c     1                 aci_gatt_init
c0de0e98 c0de0e98        0     1                 $d.1
c0de0e9c c0de0e9c       a4     4         obj/ble_gatt_aci.o:(.text.aci_gatt_add_service)
c0de0e9c c0de0e9c        0     1                 $t.2
c0de0e9d c0de0e9d       a4     1                 aci_gatt_add_service
c0de0f3c c0de0f3c        0     1                 $d.3
c0de0f40 c0de0f40       cc     4         obj/ble_gatt_aci.o:(.text.aci_gatt_add_char)
c0de0f40 c0de0f40        0     1                 $t.6
c0de0f41 c0de0f41       cc     1                 aci_gatt_add_char
c0de1008 c0de1008        0     1                 $d.7
c0de100c c0de100c       5c     4         obj/ble_gatt_aci.o:(.text.aci_gatt_update_char_value)
c0de100c c0de100c        0     1                 $t.10
c0de100d c0de100d       5c     1                 aci_gatt_update_char_value
c0de1064 c0de1064        0     1                 $d.11
c0de1068 c0de1068       4c     4         obj/ble_gatt_aci.o:(.text.aci_gatt_exchange_config)
c0de1068 c0de1068        0     1                 $t.20
c0de1069 c0de1069       4c     1                 aci_gatt_exchange_config
c0de10b0 c0de10b0        0     1                 $d.21
c0de10b4 c0de10b4       48     4         obj/ble_gatt_aci.o:(.text.aci_gatt_confirm_indication)
c0de10b4 c0de10b4        0     1                 $t.72
c0de10b5 c0de10b5       48     1                 aci_gatt_confirm_indication
c0de10f8 c0de10f8        0     1                 $d.73
c0de10fc c0de10fc       60     4         obj/ble_gatt_aci.o:(.text.aci_gatt_write_resp)
c0de10fc c0de10fc        0     1                 $t.74
c0de10fd c0de10fd       60     1                 aci_gatt_write_resp
c0de1158 c0de1158        0     1                 $d.75
c0de115c c0de115c       58     4         obj/ble_hal_aci.o:(.text.aci_hal_write_config_data)
c0de115c c0de115c        0     1                 $t.1
c0de115d c0de115d       58     1                 aci_hal_write_config_data
c0de11b0 c0de11b0        0     1                 $d.2
c0de11b4 c0de11b4       48     4         obj/ble_hal_aci.o:(.text.aci_hal_set_tx_power_level)
c0de11b4 c0de11b4        0     1                 $t.5
c0de11b5 c0de11b5       48     1                 aci_hal_set_tx_power_level
c0de11f8 c0de11f8        0     1                 $d.6
c0de11fc c0de11fc       3c     4         obj/ble_hci_le.o:(.text.hci_reset)
c0de11fc c0de11fc        0     1                 $t.6
c0de11fd c0de11fd       3c     1                 hci_reset
c0de1234 c0de1234        0     1                 $d.7
c0de1238 c0de1238       64     4         obj/ble_hci_le.o:(.text.hci_le_set_advertising_parameters)
c0de1238 c0de1238        0     1                 $t.34
c0de1239 c0de1239       64     1                 hci_le_set_advertising_parameters
c0de1298 c0de1298        0     1                 $d.35
c0de129c c0de129c       50     4         obj/ble_hci_le.o:(.text.hci_le_set_advertising_data)
c0de129c c0de129c        0     1                 $t.38
c0de129d c0de129d       50     1                 hci_le_set_advertising_data
c0de12e8 c0de12e8        0     1                 $d.39
c0de12ec c0de12ec       50     4         obj/ble_hci_le.o:(.text.hci_le_set_scan_response_data)
c0de12ec c0de12ec        0     1                 $t.40
c0de12ed c0de12ed       50     1                 hci_le_set_scan_response_data
c0de1338 c0de1338        0     1                 $d.41
c0de133c c0de133c       44     4         obj/ble_hci_le.o:(.text.hci_le_set_advertise_enable)
c0de133c c0de133c        0     1                 $t.42
c0de133d c0de133d       44     1                 hci_le_set_advertise_enable
c0de137c c0de137c        0     1                 $d.43
c0de1380 c0de1380       38     4         obj/cmd_getAppConfiguration.o:(.text.handleGetAppConfiguration)
c0de1380 c0de1380        0     1                 $t.0
c0de1381 c0de1381       38     1                 handleGetAppConfiguration
c0de13b0 c0de13b0        0     1                 $d.1
c0de13b8 c0de13b8       cc     4         obj/cmd_getEth2PublicKey.o:(.text.getEth2PublicKey)
c0de13b8 c0de13b8        0     1                 $t.0
c0de13b9 c0de13b9       cc     1                 getEth2PublicKey
c0de1480 c0de1480        0     1                 $d.1
c0de1484 c0de1484       b0     4         obj/cmd_getEth2PublicKey.o:(.text.handleGetEth2PublicKey)
c0de1484 c0de1484        0     1                 $t.2
c0de1485 c0de1485       b0     1                 handleGetEth2PublicKey
c0de1528 c0de1528        0     1                 $d.3
c0de1534 c0de1534      158     4         obj/cmd_getPublicKey.o:(.text.handleGetPublicKey)
c0de1534 c0de1534        0     1                 $t.0
c0de1535 c0de1535      158     1                 handleGetPublicKey
c0de1670 c0de1670        0     1                 $d.1
c0de168c c0de168c       3e     2         obj/cmd_performPrivacyOperation.o:(.text.decodeScalar)
c0de168c c0de168c        0     1                 $t.0
c0de168d c0de168d       3e     1                 decodeScalar
c0de16cc c0de16cc      1f4     4         obj/cmd_performPrivacyOperation.o:(.text.handlePerformPrivacyOperation)
c0de16cc c0de16cc        0     1                 $t.1
c0de16cd c0de16cd      1f4     1                 handlePerformPrivacyOperation
c0de189c c0de189c        0     1                 $d.2
c0de18c0 c0de18c0       14     2         obj/cmd_performPrivacyOperation.o:(.text.cx_ecfp_init_private_key)
c0de18c0 c0de18c0        0     1                 $t.3
c0de18c1 c0de18c1       14     1                 cx_ecfp_init_private_key
c0de18d4 c0de18d4       20     4         obj/cmd_performPrivacyOperation.o:(.text.cx_ecfp_generate_pair)
c0de18d4 c0de18d4        0     1                 $t.4
c0de18d5 c0de18d5       20     1                 cx_ecfp_generate_pair
c0de18f0 c0de18f0        0     1                 $d.5
c0de18f4 c0de18f4      14c     4         obj/cmd_provideNFTInfo.o:(.text.handleProvideNFTInformation)
c0de18f4 c0de18f4        0     1                 $t.0
c0de18f5 c0de18f5      14c     1                 handleProvideNFTInformation
c0de1a30 c0de1a30        0     1                 $d.1
c0de1a40 c0de1a40      110     4         obj/cmd_provideTokenInfo.o:(.text.handleProvideErc20TokenInformation)
c0de1a40 c0de1a40        0     1                 $t.0
c0de1a41 c0de1a41      110     1                 handleProvideErc20TokenInformation
c0de1b44 c0de1b44        0     1                 $d.1
c0de1b50 c0de1b50       18     2         obj/cmd_provideTokenInfo.o:(.text.U4BE)
c0de1b50 c0de1b50        0     1                 $t.2
c0de1b51 c0de1b51       18     1                 U4BE
c0de1b68 c0de1b68       2c     4         obj/cmd_setEth2WithdrawalIndex.o:(.text.handleSetEth2WithdrawalIndex)
c0de1b68 c0de1b68        0     1                 $t.0
c0de1b69 c0de1b69       2c     1                 handleSetEth2WithdrawalIndex
c0de1b90 c0de1b90        0     1                 $d.1
c0de1b94 c0de1b94       16     2         obj/cmd_setEth2WithdrawalIndex.o:(.text.U4BE)
c0de1b94 c0de1b94        0     1                 $t.2
c0de1b95 c0de1b95       16     1                 U4BE
c0de1bac c0de1bac      124     4         obj/cmd_setExternalPlugin.o:(.text.handleSetExternalPlugin)
c0de1bac c0de1bac        0     1                 $t.0
c0de1bad c0de1bad      124     1                 handleSetExternalPlugin
c0de1cbc c0de1cbc        0     1                 $d.1
c0de1cd0 c0de1cd0      198     4         obj/cmd_setPlugin.o:(.text.handleSetPlugin)
c0de1cd0 c0de1cd0        0     1                 $t.0
c0de1cd1 c0de1cd1      198     1                 handleSetPlugin
c0de1e4c c0de1e4c        0     1                 $d.1
c0de1e68 c0de1e68      310     4         obj/cmd_signMessage.o:(.text.handleSignPersonalMessage)
c0de1e68 c0de1e68        0     1                 $t.0
c0de1e69 c0de1e69      310     1                 handleSignPersonalMessage
c0de214c c0de214c        0     1                 $d.1
c0de2178 c0de2178       16     2         obj/cmd_signMessage.o:(.text.U4BE)
c0de2178 c0de2178        0     1                 $t.2
c0de2179 c0de2179       16     1                 U4BE
c0de218e c0de218e       22     2         obj/cmd_signMessage.o:(.text.cx_hash)
c0de218e c0de218e        0     1                 $t.3
c0de218f c0de218f       22     1                 cx_hash
c0de21b0 c0de21b0       c4     4         obj/cmd_signMessage712.o:(.text.handleSignEIP712Message)
c0de21b0 c0de21b0        0     1                 $t.0
c0de21b1 c0de21b1       c4     1                 handleSignEIP712Message
c0de2268 c0de2268        0     1                 $d.1
c0de2274 c0de2274      254     4         obj/cmd_signTx.o:(.text.handleSign)
c0de2274 c0de2274        0     1                 $t.0
c0de2275 c0de2275      254     1                 handleSign
c0de2494 c0de2494        0     1                 $d.1
c0de24c8 c0de24c8      100     4         obj/cmd_stark_getPublicKey.o:(.text.handleStarkwareGetPublicKey)
c0de24c8 c0de24c8        0     1                 $t.0
c0de24c9 c0de24c9      100     1                 handleStarkwareGetPublicKey
c0de25b8 c0de25b8        0     1                 $d.1
c0de25c8 c0de25c8       f0     4         obj/cmd_stark_provideQuantum.o:(.text.handleStarkwareProvideQuantum)
c0de25c8 c0de25c8        0     1                 $t.0
c0de25c9 c0de25c9       f0     1                 handleStarkwareProvideQuantum
c0de26a8 c0de26a8        0     1                 $d.1
c0de26b8 c0de26b8      564     4         obj/cmd_stark_sign.o:(.text.handleStarkwareSignMessage)
c0de26b8 c0de26b8        0     1                 $t.0
c0de26b9 c0de26b9      564     1                 handleStarkwareSignMessage
c0de2a98 c0de2a98        0     1                 $d.1
c0de2aa4 c0de2aa4        0     1                 $t.2
c0de2be0 c0de2be0        0     1                 $d.3
c0de2c1c c0de2c1c       18     2         obj/cmd_stark_sign.o:(.text.U4BE)
c0de2c1c c0de2c1c        0     1                 $t.4
c0de2c1d c0de2c1d       18     1                 U4BE
c0de2c34 c0de2c34       16     2         obj/cmd_stark_sign.o:(.text.allzeroes)
c0de2c34 c0de2c34        0     1                 $t.5
c0de2c35 c0de2c35       16     1                 allzeroes
c0de2c4c c0de2c4c       30     4         obj/cmd_stark_sign.o:(.text.cx_hash)
c0de2c4c c0de2c4c        0     1                 $t.6
c0de2c4d c0de2c4d       30     1                 cx_hash
c0de2c78 c0de2c78        0     1                 $d.7
c0de2c7c c0de2c7c      118     4         obj/cmd_stark_unsafe_sign.o:(.text.handleStarkwareUnsafeSign)
c0de2c7c c0de2c7c        0     1                 $t.0
c0de2c7d c0de2c7d      118     1                 handleStarkwareUnsafeSign
c0de2d84 c0de2d84        0     1                 $d.1
c0de2d94 c0de2d94       48     4         obj/compound_plugin.o:(.text.get_underlying_asset_decimals)
c0de2d94 c0de2d94        0     1                 $t.0
c0de2d95 c0de2d95       48     1                 get_underlying_asset_decimals
c0de2dd8 c0de2dd8        0     1                 $d.1
c0de2ddc c0de2ddc      228     4         obj/compound_plugin.o:(.text.compound_plugin_call)
c0de2ddc c0de2ddc        0     1                 $t.2
c0de2ddd c0de2ddd      228     1                 compound_plugin_call
c0de2fdc c0de2fdc        0     1                 $d.3
c0de3004 c0de3004        c     4         obj/cx_stubs.o:(.text.cx_crc16)
c0de3004 c0de3004        0     1                 $t
c0de3005 c0de3005        0     1                 cx_crc16
c0de300a c0de300a        0     1                 $d
c0de300c c0de300c        0     1                 $d
c0de3010 c0de3010        c     4         obj/cx_stubs.o:(.text.cx_crc16_update)
c0de3010 c0de3010        0     1                 $t
c0de3011 c0de3011        0     1                 cx_crc16_update
c0de3016 c0de3016        0     1                 $d
c0de3018 c0de3018        0     1                 $d
c0de301c c0de301c        c     4         obj/cx_stubs.o:(.text.cx_ecdsa_sign_no_throw)
c0de301c c0de301c        0     1                 $t
c0de301d c0de301d        0     1                 cx_ecdsa_sign_no_throw
c0de3022 c0de3022        0     1                 $d
c0de3024 c0de3024        0     1                 $d
c0de3028 c0de3028        c     4         obj/cx_stubs.o:(.text.cx_ecdsa_verify_no_throw)
c0de3028 c0de3028        0     1                 $t
c0de3029 c0de3029        0     1                 cx_ecdsa_verify_no_throw
c0de302e c0de302e        0     1                 $d
c0de3030 c0de3030        0     1                 $d
c0de3034 c0de3034        c     4         obj/cx_stubs.o:(.text.cx_ecfp_add_point_no_throw)
c0de3034 c0de3034        0     1                 $t
c0de3035 c0de3035        0     1                 cx_ecfp_add_point_no_throw
c0de303a c0de303a        0     1                 $d
c0de303c c0de303c        0     1                 $d
c0de3040 c0de3040        c     4         obj/cx_stubs.o:(.text.cx_ecfp_generate_pair_no_throw)
c0de3040 c0de3040        0     1                 $t
c0de3041 c0de3041        0     1                 cx_ecfp_generate_pair_no_throw
c0de3046 c0de3046        0     1                 $d
c0de3048 c0de3048        0     1                 $d
c0de304c c0de304c        c     4         obj/cx_stubs.o:(.text.cx_ecfp_init_private_key_no_throw)
c0de304c c0de304c        0     1                 $t
c0de304d c0de304d        0     1                 cx_ecfp_init_private_key_no_throw
c0de3052 c0de3052        0     1                 $d
c0de3054 c0de3054        0     1                 $d
c0de3058 c0de3058        c     4         obj/cx_stubs.o:(.text.cx_ecfp_init_public_key_no_throw)
c0de3058 c0de3058        0     1                 $t
c0de3059 c0de3059        0     1                 cx_ecfp_init_public_key_no_throw
c0de305e c0de305e        0     1                 $d
c0de3060 c0de3060        0     1                 $d
c0de3064 c0de3064        c     4         obj/cx_stubs.o:(.text.cx_ecfp_scalar_mult_no_throw)
c0de3064 c0de3064        0     1                 $t
c0de3065 c0de3065        0     1                 cx_ecfp_scalar_mult_no_throw
c0de306a c0de306a        0     1                 $d
c0de306c c0de306c        0     1                 $d
c0de3070 c0de3070        c     4         obj/cx_stubs.o:(.text.cx_hash_get_size)
c0de3070 c0de3070        0     1                 $t
c0de3071 c0de3071        0     1                 cx_hash_get_size
c0de3076 c0de3076        0     1                 $d
c0de3078 c0de3078        0     1                 $d
c0de307c c0de307c        c     4         obj/cx_stubs.o:(.text.cx_hash_no_throw)
c0de307c c0de307c        0     1                 $t
c0de307d c0de307d        0     1                 cx_hash_no_throw
c0de3082 c0de3082        0     1                 $d
c0de3084 c0de3084        0     1                 $d
c0de3088 c0de3088        c     4         obj/cx_stubs.o:(.text.cx_hash_sha256)
c0de3088 c0de3088        0     1                 $t
c0de3089 c0de3089        0     1                 cx_hash_sha256
c0de308e c0de308e        0     1                 $d
c0de3090 c0de3090        0     1                 $d
c0de3094 c0de3094        c     4         obj/cx_stubs.o:(.text.cx_hash_sha512)
c0de3094 c0de3094        0     1                 $t
c0de3095 c0de3095        0     1                 cx_hash_sha512
c0de309a c0de309a        0     1                 $d
c0de309c c0de309c        0     1                 $d
c0de30a0 c0de30a0        c     4         obj/cx_stubs.o:(.text.cx_keccak_init_no_throw)
c0de30a0 c0de30a0        0     1                 $t
c0de30a1 c0de30a1        0     1                 cx_keccak_init_no_throw
c0de30a6 c0de30a6        0     1                 $d
c0de30a8 c0de30a8        0     1                 $d
c0de30ac c0de30ac        c     4         obj/cx_stubs.o:(.text.cx_math_cmp_no_throw)
c0de30ac c0de30ac        0     1                 $t
c0de30ad c0de30ad        0     1                 cx_math_cmp_no_throw
c0de30b2 c0de30b2        0     1                 $d
c0de30b4 c0de30b4        0     1                 $d
c0de30b8 c0de30b8        c     4         obj/cx_stubs.o:(.text.cx_math_modm_no_throw)
c0de30b8 c0de30b8        0     1                 $t
c0de30b9 c0de30b9        0     1                 cx_math_modm_no_throw
c0de30be c0de30be        0     1                 $d
c0de30c0 c0de30c0        0     1                 $d
c0de30c4 c0de30c4        c     4         obj/cx_stubs.o:(.text.cx_math_mult_no_throw)
c0de30c4 c0de30c4        0     1                 $t
c0de30c5 c0de30c5        0     1                 cx_math_mult_no_throw
c0de30ca c0de30ca        0     1                 $d
c0de30cc c0de30cc        0     1                 $d
c0de30d0 c0de30d0        c     4         obj/cx_stubs.o:(.text.cx_rng_no_throw)
c0de30d0 c0de30d0        0     1                 $t
c0de30d1 c0de30d1        0     1                 cx_rng_no_throw
c0de30d6 c0de30d6        0     1                 $d
c0de30d8 c0de30d8        0     1                 $d
c0de30dc c0de30dc        c     4         obj/cx_stubs.o:(.text.cx_rng_u32_range_func)
c0de30dc c0de30dc        0     1                 $t
c0de30dd c0de30dd        0     1                 cx_rng_u32_range_func
c0de30e2 c0de30e2        0     1                 $d
c0de30e4 c0de30e4        0     1                 $d
c0de30e8 c0de30e8        c     4         obj/cx_stubs.o:(.text.cx_sha256_init_no_throw)
c0de30e8 c0de30e8        0     1                 $t
c0de30e9 c0de30e9        0     1                 cx_sha256_init_no_throw
c0de30ee c0de30ee        0     1                 $d
c0de30f0 c0de30f0        0     1                 $d
c0de30f4 c0de30f4        c     4         obj/cx_stubs.o:(.text.cx_x25519)
c0de30f4 c0de30f4        0     1                 $t
c0de30f5 c0de30f5        0     1                 cx_x25519
c0de30fa c0de30fa        0     1                 $d
c0de30fc c0de30fc        0     1                 $d
c0de3100 c0de3100       14     4         obj/cx_stubs.o:(.text.cx_x448)
c0de3100 c0de3100        0     1                 $t
c0de3101 c0de3101        0     1                 cx_x448
c0de3107 c0de3107        0     1                 cx_trampoline_helper
c0de310a c0de310a        0     1                 $d
c0de310c c0de310c        0     1                 $d
c0de3114 c0de3114      184     4         obj/erc1155_plugin.o:(.text.erc1155_plugin_call)
c0de3114 c0de3114        0     1                 $t.0
c0de3115 c0de3115      184     1                 erc1155_plugin_call
c0de3280 c0de3280        0     1                 $d.1
c0de3298 c0de3298       18     2         obj/erc1155_plugin.o:(.text.allzeroes)
c0de3298 c0de3298        0     1                 $t.2
c0de3299 c0de3299       18     1                 allzeroes
c0de32b0 c0de32b0      188     2         obj/erc1155_provide_parameters.o:(.text.handle_provide_parameter_1155)
c0de32b0 c0de32b0        0     1                 $t.0
c0de32b1 c0de32b1      188     1                 handle_provide_parameter_1155
c0de3438 c0de3438       16     2         obj/erc1155_provide_parameters.o:(.text.U4BE)
c0de3438 c0de3438        0     1                 $t.1
c0de3439 c0de3439       16     1                 U4BE
c0de3450 c0de3450      184     4         obj/erc1155_ui.o:(.text.handle_query_contract_ui_1155)
c0de3450 c0de3450        0     1                 $t.0
c0de3451 c0de3451      184     1                 handle_query_contract_ui_1155
c0de35a4 c0de35a4        0     1                 $d.1
c0de35d4 c0de35d4       44     4         obj/erc20_plugin.o:(.text.check_contract)
c0de35d4 c0de35d4        0     1                 $t.0
c0de35d5 c0de35d5       44     1                 check_contract
c0de3614 c0de3614        0     1                 $d.1
c0de3618 c0de3618       30     4         obj/erc20_plugin.o:(.text.erc20_plugin_available_check)
c0de3618 c0de3618        0     1                 $t.2
c0de3619 c0de3619       30     1                 erc20_plugin_available_check
c0de3640 c0de3640        0     1                 $d.3
c0de3648 c0de3648      230     4         obj/erc20_plugin.o:(.text.erc20_plugin_call)
c0de3648 c0de3648        0     1                 $t.4
c0de3649 c0de3649      230     1                 erc20_plugin_call
c0de3854 c0de3854        0     1                 $d.5
c0de3878 c0de3878      168     4         obj/erc721_plugin.o:(.text.erc721_plugin_call)
c0de3878 c0de3878        0     1                 $t.0
c0de3879 c0de3879      168     1                 erc721_plugin_call
c0de39cc c0de39cc        0     1                 $d.1
c0de39e0 c0de39e0       18     2         obj/erc721_plugin.o:(.text.allzeroes)
c0de39e0 c0de39e0        0     1                 $t.2
c0de39e1 c0de39e1       18     1                 allzeroes
c0de39f8 c0de39f8       8e     2         obj/erc721_provide_parameters.o:(.text.handle_provide_parameter_721)
c0de39f8 c0de39f8        0     1                 $t.0
c0de39f9 c0de39f9       8e     1                 handle_provide_parameter_721
c0de3a86 c0de3a86       48     2         obj/erc721_provide_parameters.o:(.text.handle_transfer)
c0de3a86 c0de3a86        0     1                 $t.1
c0de3a87 c0de3a87       48     1                 handle_transfer
c0de3ad0 c0de3ad0      144     4         obj/erc721_ui.o:(.text.handle_query_contract_ui_721)
c0de3ad0 c0de3ad0        0     1                 $t.0
c0de3ad1 c0de3ad1      144     1                 handle_query_contract_ui_721
c0de3be8 c0de3be8        0     1                 $d.1
c0de3c14 c0de3c14      230     4         obj/eth2_plugin.o:(.text.eth2_plugin_call)
c0de3c14 c0de3c14        0     1                 $t.0
c0de3c15 c0de3c15      230     1                 eth2_plugin_call
c0de3e18 c0de3e18        0     1                 $d.1
c0de3e44 c0de3e44       30     2         obj/ethUstream.o:(.text.initTx)
c0de3e44 c0de3e44        0     1                 $t.0
c0de3e45 c0de3e45       30     1                 initTx
c0de3e74 c0de3e74       42     2         obj/ethUstream.o:(.text.readTxByte)
c0de3e74 c0de3e74        0     1                 $t.1
c0de3e75 c0de3e75       42     1                 readTxByte
c0de3eb6 c0de3eb6       22     2         obj/ethUstream.o:(.text.cx_hash)
c0de3eb6 c0de3eb6        0     1                 $t.2
c0de3eb7 c0de3eb7       22     1                 cx_hash
c0de3ed8 c0de3ed8       60     2         obj/ethUstream.o:(.text.copyTxData)
c0de3ed8 c0de3ed8        0     1                 $t.3
c0de3ed9 c0de3ed9       60     1                 copyTxData
c0de3f38 c0de3f38       64     2         obj/ethUstream.o:(.text.processTx)
c0de3f38 c0de3f38        0     1                 $t.4
c0de3f39 c0de3f39       64     1                 processTx
c0de3f9c c0de3f9c      246     2         obj/ethUstream.o:(.text.processTxInternal)
c0de3f9c c0de3f9c        0     1                 $t.5
c0de3f9d c0de3f9d      246     1                 processTxInternal
c0de41e2 c0de41e2       56     2         obj/ethUstream.o:(.text.continueTx)
c0de41e2 c0de41e2        0     1                 $t.6
c0de41e3 c0de41e3       56     1                 continueTx
c0de4238 c0de4238       1e     2         obj/ethUstream.o:(.text.processContent)
c0de4238 c0de4238        0     1                 $t.7
c0de4239 c0de4239       1e     1                 processContent
c0de4256 c0de4256       42     2         obj/ethUstream.o:(.text.processType)
c0de4256 c0de4256        0     1                 $t.8
c0de4257 c0de4257       42     1                 processType
c0de4298 c0de4298       4a     2         obj/ethUstream.o:(.text.processNonce)
c0de4298 c0de4298        0     1                 $t.9
c0de4299 c0de4299       4a     1                 processNonce
c0de42e2 c0de42e2       4a     2         obj/ethUstream.o:(.text.processGasprice)
c0de42e2 c0de42e2        0     1                 $t.10
c0de42e3 c0de42e3       4a     1                 processGasprice
c0de432c c0de432c       4c     2         obj/ethUstream.o:(.text.processStartGas)
c0de432c c0de432c        0     1                 $t.11
c0de432d c0de432d       4c     1                 processStartGas
c0de4378 c0de4378       4c     2         obj/ethUstream.o:(.text.processTo)
c0de4378 c0de4378        0     1                 $t.12
c0de4379 c0de4379       4c     1                 processTo
c0de43c4 c0de43c4       4c     2         obj/ethUstream.o:(.text.processValue)
c0de43c4 c0de43c4        0     1                 $t.13
c0de43c5 c0de43c5       4c     1                 processValue
c0de4410 c0de4410       52     2         obj/ethUstream.o:(.text.processData)
c0de4410 c0de4410        0     1                 $t.14
c0de4411 c0de4411       52     1                 processData
c0de4462 c0de4462       3e     2         obj/ethUstream.o:(.text.processAndDiscard)
c0de4462 c0de4462        0     1                 $t.15
c0de4463 c0de4463       3e     1                 processAndDiscard
c0de44a0 c0de44a0       4a     2         obj/ethUstream.o:(.text.processChainID)
c0de44a0 c0de44a0        0     1                 $t.16
c0de44a1 c0de44a1       4a     1                 processChainID
c0de44ea c0de44ea       3e     2         obj/ethUstream.o:(.text.processAccessList)
c0de44ea c0de44ea        0     1                 $t.17
c0de44eb c0de44eb       3e     1                 processAccessList
c0de4528 c0de4528       3c     2         obj/ethUtils.o:(.text.rlpCanDecode)
c0de4528 c0de4528        0     1                 $t.0
c0de4529 c0de4529       3c     1                 rlpCanDecode
c0de4564 c0de4564       e0     2         obj/ethUtils.o:(.text.rlpDecodeLength)
c0de4564 c0de4564        0     1                 $t.1
c0de4565 c0de4565       e0     1                 rlpDecodeLength
c0de4644 c0de4644       30     2         obj/ethUtils.o:(.text.getEthAddressFromKey)
c0de4644 c0de4644        0     1                 $t.2
c0de4645 c0de4645       30     1                 getEthAddressFromKey
c0de4674 c0de4674       14     2         obj/ethUtils.o:(.text.cx_keccak_init)
c0de4674 c0de4674        0     1                 $t.3
c0de4675 c0de4675       14     1                 cx_keccak_init
c0de4688 c0de4688       28     2         obj/ethUtils.o:(.text.cx_hash)
c0de4688 c0de4688        0     1                 $t.4
c0de4689 c0de4689       28     1                 cx_hash
c0de46b0 c0de46b0       38     2         obj/ethUtils.o:(.text.getEthAddressStringFromKey)
c0de46b0 c0de46b0        0     1                 $t.5
c0de46b1 c0de46b1       38     1                 getEthAddressStringFromKey
c0de46e8 c0de46e8       dc     4         obj/ethUtils.o:(.text.getEthAddressStringFromBinary)
c0de46e8 c0de46e8        0     1                 $t.6
c0de46e9 c0de46e9       dc     1                 getEthAddressStringFromBinary
c0de47bc c0de47bc        0     1                 $d.7
c0de47c4 c0de47c4       78     4         obj/ethUtils.o:(.text.u64_to_string)
c0de47c4 c0de47c4        0     1                 $t.8
c0de47c5 c0de47c5       78     1                 u64_to_string
c0de4838 c0de4838        0     1                 $d.9
c0de483c c0de483c       34     4         obj/ethUtils.o:(.text.getEthDisplayableAddress)
c0de483c c0de483c        0     1                 $t.10
c0de483d c0de483d       34     1                 getEthDisplayableAddress
c0de486c c0de486c        0     1                 $d.11
c0de4870 c0de4870       d6     2         obj/ethUtils.o:(.text.adjustDecimals)
c0de4870 c0de4870        0     1                 $t.12
c0de4871 c0de4871       d6     1                 adjustDecimals
c0de4946 c0de4946       14     2         obj/eth_plugin_handler.o:(.text.eth_plugin_prepare_init)
c0de4946 c0de4946        0     1                 $t.0
c0de4947 c0de4947       14     1                 eth_plugin_prepare_init
c0de495a c0de495a       14     2         obj/eth_plugin_handler.o:(.text.eth_plugin_prepare_provide_parameter)
c0de495a c0de495a        0     1                 $t.1
c0de495b c0de495b       14     1                 eth_plugin_prepare_provide_parameter
c0de496e c0de496e        a     2         obj/eth_plugin_handler.o:(.text.eth_plugin_prepare_finalize)
c0de496e c0de496e        0     1                 $t.2
c0de496f c0de496f        a     1                 eth_plugin_prepare_finalize
c0de4978 c0de4978        a     2         obj/eth_plugin_handler.o:(.text.eth_plugin_prepare_provide_info)
c0de4978 c0de4978        0     1                 $t.3
c0de4979 c0de4979        a     1                 eth_plugin_prepare_provide_info
c0de4982 c0de4982       1c     2         obj/eth_plugin_handler.o:(.text.eth_plugin_prepare_query_contract_ID)
c0de4982 c0de4982        0     1                 $t.4
c0de4983 c0de4983       1c     1                 eth_plugin_prepare_query_contract_ID
c0de49a0 c0de49a0       78     4         obj/eth_plugin_handler.o:(.text.eth_plugin_prepare_query_contract_UI)
c0de49a0 c0de49a0        0     1                 $t.5
c0de49a1 c0de49a1       78     1                 eth_plugin_prepare_query_contract_UI
c0de4a14 c0de4a14        0     1                 $d.6
c0de4a18 c0de4a18       16     2         obj/eth_plugin_handler.o:(.text.allzeroes)
c0de4a18 c0de4a18        0     1                 $t.7
c0de4a19 c0de4a19       16     1                 allzeroes
c0de4a30 c0de4a30      158     4         obj/eth_plugin_handler.o:(.text.eth_plugin_perform_init)
c0de4a30 c0de4a30        0     1                 $t.8
c0de4a31 c0de4a31      158     1                 eth_plugin_perform_init
c0de4b78 c0de4b78        0     1                 $d.9
c0de4b88 c0de4b88      20c     4         obj/eth_plugin_handler.o:(.text.eth_plugin_call)
c0de4b88 c0de4b88        0     1                 $t.10
c0de4b89 c0de4b89      20c     1                 eth_plugin_call
c0de4d80 c0de4d80        0     1                 $d.11
c0de4d94 c0de4d94       12     2         obj/eth_plugin_internal.o:(.text.copy_address)
c0de4d94 c0de4d94        0     1                 $t.0
c0de4d95 c0de4d95       12     1                 copy_address
c0de4da6 c0de4da6        e     2         obj/eth_plugin_internal.o:(.text.copy_parameter)
c0de4da6 c0de4da6        0     1                 $t.1
c0de4da7 c0de4da7        e     1                 copy_parameter
c0de4db4 c0de4db4       20     4         obj/eth_plugin_ui.o:(.text.plugin_ui_start)
c0de4db4 c0de4db4        0     1                 $t.0
c0de4db5 c0de4db5       20     1                 plugin_ui_start
c0de4dd0 c0de4dd0        0     1                 $d.1
c0de4dd4 c0de4dd4       ec     4         obj/handle_check_address.o:(.text.handle_check_address)
c0de4dd4 c0de4dd4        0     1                 $t.0
c0de4dd5 c0de4dd5       ec     1                 handle_check_address
c0de4ebc c0de4ebc        0     1                 $d.1
c0de4ec0 c0de4ec0       7a     2         obj/handle_get_printable_amount.o:(.text.handle_get_printable_amount)
c0de4ec0 c0de4ec0        0     1                 $t.0
c0de4ec1 c0de4ec1       7a     1                 handle_get_printable_amount
c0de4f3c c0de4f3c       a8     4         obj/handle_swap_sign_transaction.o:(.text.copy_transaction_parameters)
c0de4f3c c0de4f3c        0     1                 $t.0
c0de4f3d c0de4f3d       a8     1                 copy_transaction_parameters
c0de4fe0 c0de4fe0        0     1                 $d.1
c0de4fe4 c0de4fe4       a0     4         obj/handle_swap_sign_transaction.o:(.text.handle_swap_sign_transaction)
c0de4fe4 c0de4fe4        0     1                 $t.2
c0de4fe5 c0de4fe5       a0     1                 handle_swap_sign_transaction
c0de5068 c0de5068        0     1                 $d.3
c0de5084 c0de5084       98     4         obj/ledger_ble.o:(.text.LEDGER_BLE_init)
c0de5084 c0de5084        0     1                 $t.0
c0de5085 c0de5085       98     1                 LEDGER_BLE_init
c0de5108 c0de5108        0     1                 $d.1
c0de511c c0de511c      274     4         obj/ledger_ble.o:(.text.init_mngr)
c0de511c c0de511c        0     1                 $t.2
c0de511d c0de511d      274     1                 init_mngr
c0de5374 c0de5374        0     1                 $d.3
c0de5390 c0de5390       4c     4         obj/ledger_ble.o:(.text.LEDGER_BLE_send)
c0de5390 c0de5390        0     1                 $t.4
c0de5391 c0de5391       4c     1                 LEDGER_BLE_send
c0de53d4 c0de53d4        0     1                 $d.5
c0de53dc c0de53dc      5bc     4         obj/ledger_ble.o:(.text.LEDGER_BLE_receive)
c0de53dc c0de53dc        0     1                 $t.6
c0de53dd c0de53dd      5bc     1                 LEDGER_BLE_receive
c0de57b4 c0de57b4        0     1                 $d.7
c0de57b8 c0de57b8        0     1                 $t.8
c0de57f8 c0de57f8        0     1                 $d.9
c0de5804 c0de5804        0     1                 $t.10
c0de5858 c0de5858        0     1                 $d.11
c0de587c c0de587c        0     1                 $t.12
c0de5960 c0de5960        0     1                 $d.13
c0de5998 c0de5998       48     4         obj/ledger_ble.o:(.text.hci_send_req)
c0de5998 c0de5998        0     1                 $t.14
c0de5999 c0de5999       48     1                 hci_send_req
c0de59dc c0de59dc        0     1                 $d.15
c0de59e0 c0de59e0        c     2         obj/ledger_ble.o:(.text.BLE_power)
c0de59e0 c0de59e0        0     1                 $t.16
c0de59e1 c0de59e1        c     1                 BLE_power
c0de59ec c0de59ec      174     4         obj/ledger_ble.o:(.text.configure_advertising_mngr)
c0de59ec c0de59ec        0     1                 $t.17
c0de59ed c0de59ed      174     1                 configure_advertising_mngr
c0de5b4c c0de5b4c        0     1                 $d.18
c0de5b60 c0de5b60       38     4         obj/ledger_ble.o:(.text.end_pairing_ux)
c0de5b60 c0de5b60        0     1                 $t.19
c0de5b61 c0de5b61       38     1                 end_pairing_ux
c0de5b90 c0de5b90        0     1                 $d.20
c0de5b98 c0de5b98        e     2         obj/ledger_ble.o:(.text.cx_rng_u32)
c0de5b98 c0de5b98        0     1                 $t.21
c0de5b99 c0de5b99        e     1                 cx_rng_u32
c0de5ba8 c0de5ba8       4c     4         obj/ledger_ble.o:(.text.rsp_user_pairing_passkey)
c0de5ba8 c0de5ba8        0     1                 $t.22
c0de5ba9 c0de5ba9       4c     1                 rsp_user_pairing_passkey
c0de5be8 c0de5be8        0     1                 $d.23
c0de5bf4 c0de5bf4       20     4         obj/ledger_ble.o:(.text.rsp_user_pairing_numeric_comparison)
c0de5bf4 c0de5bf4        0     1                 $t.24
c0de5bf5 c0de5bf5       20     1                 rsp_user_pairing_numeric_comparison
c0de5c10 c0de5c10        0     1                 $d.25
c0de5c14 c0de5c14       18     4         obj/ledger_protocol.o:(.text.LEDGER_PROTOCOL_init)
c0de5c14 c0de5c14        0     1                 $t.0
c0de5c15 c0de5c15       18     1                 LEDGER_PROTOCOL_init
c0de5c28 c0de5c28        0     1                 $d.1
c0de5c2c c0de5c2c      124     4         obj/ledger_protocol.o:(.text.LEDGER_PROTOCOL_rx)
c0de5c2c c0de5c2c        0     1                 $t.2
c0de5c2d c0de5c2d      124     1                 LEDGER_PROTOCOL_rx
c0de5d4c c0de5d4c        0     1                 $d.3
c0de5d50 c0de5d50       90     4         obj/ledger_protocol.o:(.text.LEDGER_PROTOCOL_tx)
c0de5d50 c0de5d50        0     1                 $t.4
c0de5d51 c0de5d51       90     1                 LEDGER_PROTOCOL_tx
c0de5ddc c0de5ddc        0     1                 $d.5
c0de5de0 c0de5de0       24     4         obj/logic_getEth2PublicKey.o:(.text.set_result_get_eth2_publicKey)
c0de5de0 c0de5de0        0     1                 $t.0
c0de5de1 c0de5de1       24     1                 set_result_get_eth2_publicKey
c0de5dfc c0de5dfc        0     1                 $d.1
c0de5e04 c0de5e04       54     4         obj/logic_getPublicKey.o:(.text.set_result_get_publicKey)
c0de5e04 c0de5e04        0     1                 $t.0
c0de5e05 c0de5e05       54     1                 set_result_get_publicKey
c0de5e50 c0de5e50        0     1                 $d.1
c0de5e58 c0de5e58       28     4         obj/logic_performPrivacyOperation.o:(.text.set_result_perform_privacy_operation)
c0de5e58 c0de5e58        0     1                 $t.0
c0de5e59 c0de5e59       28     1                 set_result_perform_privacy_operation
c0de5e78 c0de5e78        0     1                 $d.1
c0de5e80 c0de5e80       32     2         obj/logic_signTx.o:(.text.splitBinaryParameterPart)
c0de5e80 c0de5e80        0     1                 $t.0
c0de5e81 c0de5e81       32     1                 splitBinaryParameterPart
c0de5eb4 c0de5eb4      284     4         obj/logic_signTx.o:(.text.customProcessor)
c0de5eb4 c0de5eb4        0     1                 $t.1
c0de5eb5 c0de5eb5      284     1                 customProcessor
c0de6110 c0de6110        0     1                 $d.2
c0de6138 c0de6138       1a     2         obj/logic_signTx.o:(.text.to_uppercase)
c0de6138 c0de6138        0     1                 $t.3
c0de6139 c0de6139       1a     1                 to_uppercase
c0de6154 c0de6154       54     4         obj/logic_signTx.o:(.text.compareOrCopy)
c0de6154 c0de6154        0     1                 $t.4
c0de6155 c0de6155       54     1                 compareOrCopy
c0de61a0 c0de61a0        0     1                 $d.5
c0de61a8 c0de61a8       1e     2         obj/logic_signTx.o:(.text.reportFinalizeError)
c0de61a8 c0de61a8        0     1                 $t.6
c0de61a9 c0de61a9       1e     1                 reportFinalizeError
c0de61c8 c0de61c8       c4     4         obj/logic_signTx.o:(.text.prepareAndCopyFees)
c0de61c8 c0de61c8        0     1                 $t.7
c0de61c9 c0de61c9       c4     1                 prepareAndCopyFees
c0de6288 c0de6288        0     1                 $d.8
c0de628c c0de628c       24     4         obj/logic_signTx.o:(.text.prepareFeeDisplay)
c0de628c c0de628c        0     1                 $t.9
c0de628d c0de628d       24     1                 prepareFeeDisplay
c0de62a8 c0de62a8        0     1                 $d.10
c0de62b0 c0de62b0       40     4         obj/logic_signTx.o:(.text.prepareNetworkDisplay)
c0de62b0 c0de62b0        0     1                 $t.11
c0de62b1 c0de62b1       40     1                 prepareNetworkDisplay
c0de62ec c0de62ec        0     1                 $d.12
c0de62f0 c0de62f0      350     4         obj/logic_signTx.o:(.text.finalizeParsing)
c0de62f0 c0de62f0        0     1                 $t.13
c0de62f1 c0de62f1      350     1                 finalizeParsing
c0de661c c0de661c        0     1                 $d.14
c0de6640 c0de6640       24     4         obj/logic_stark_getPublicKey.o:(.text.set_result_get_stark_publicKey)
c0de6640 c0de6640        0     1                 $t.0
c0de6641 c0de6641       24     1                 set_result_get_stark_publicKey
c0de665c c0de665c        0     1                 $d.1
c0de6664 c0de6664       60     4         obj/main.o:(.text.reset_app_context)
c0de6664 c0de6664        0     1                 $t.0
c0de6665 c0de6665       60     1                 reset_app_context
c0de66a4 c0de66a4        0     1                 $d.1
c0de66c4 c0de66c4       28     4         obj/main.o:(.text.ui_idle)
c0de66c4 c0de66c4        0     1                 $t.2
c0de66c5 c0de66c5       28     1                 ui_idle
c0de66e4 c0de66e4        0     1                 $d.3
c0de66ec c0de66ec       14     4         obj/main.o:(.text.ui_warning_contract_data)
c0de66ec c0de66ec        0     1                 $t.4
c0de66ed c0de66ed       14     1                 ui_warning_contract_data
c0de66fc c0de66fc        0     1                 $d.5
c0de6700 c0de6700       14     4         obj/main.o:(.text.ui_warning_oracle_data)
c0de6700 c0de6700        0     1                 $t.6
c0de6701 c0de6701       14     1                 ui_warning_oracle_data
c0de6710 c0de6710        0     1                 $d.7
c0de6714 c0de6714       1c     4         obj/main.o:(.text.io_seproxyhal_send_status)
c0de6714 c0de6714        0     1                 $t.9
c0de6715 c0de6715       1c     1                 io_seproxyhal_send_status
c0de672c c0de672c        0     1                 $d.10
c0de6730 c0de6730       68     4         obj/main.o:(.text.format_signature_out)
c0de6730 c0de6730        0     1                 $t.11
c0de6731 c0de6731       68     1                 format_signature_out
c0de6794 c0de6794        0     1                 $d.12
c0de6798 c0de6798       48     4         obj/main.o:(.text.io_exchange_al)
c0de6798 c0de6798        0     1                 $t.13
c0de6799 c0de6799       48     1                 io_exchange_al
c0de67dc c0de67dc        0     1                 $d.14
c0de67e0 c0de67e0       50     4         obj/main.o:(.text.getKnownToken)
c0de67e0 c0de67e0        0     1                 $t.15
c0de67e1 c0de67e1       50     1                 getKnownToken
c0de682c c0de682c        0     1                 $d.16
c0de6830 c0de6830       64     4         obj/main.o:(.text.handleGetWalletId)
c0de6830 c0de6830        0     1                 $t.17
c0de6831 c0de6831       64     1                 handleGetWalletId
c0de688c c0de688c        0     1                 $d.18
c0de6894 c0de6894       18     2         obj/main.o:(.text.cx_ecfp_generate_pair)
c0de6894 c0de6894        0     1                 $t.19
c0de6895 c0de6895       18     1                 cx_ecfp_generate_pair
c0de68ac c0de68ac      2c8     4         obj/main.o:(.text.handleApdu)
c0de68ac c0de68ac        0     1                 $t.20
c0de68ad c0de68ad      2c8     1                 handleApdu
c0de6b6c c0de6b6c        0     1                 $d.21
c0de6b74 c0de6b74       d0     4         obj/main.o:(.text.app_main)
c0de6b74 c0de6b74        0     1                 $t.22
c0de6b75 c0de6b75       d0     1                 app_main
c0de6c3c c0de6c3c        0     1                 $d.23
c0de6c44 c0de6c44        8     2         obj/main.o:(.text.io_seproxyhal_display)
c0de6c44 c0de6c44        0     1                 $t.24
c0de6c45 c0de6c45        8     1                 io_seproxyhal_display
c0de6c4c c0de6c4c      528     4         obj/main.o:(.text.io_event)
c0de6c4c c0de6c4c        0     1                 $t.25
c0de6c4d c0de6c4d      528     1                 io_event
c0de7028 c0de7028        0     1                 $d.26
c0de7038 c0de7038        0     1                 $t.27
c0de716c c0de716c        0     1                 $d.28
c0de7174 c0de7174       40     2         obj/main.o:(.text.app_exit)
c0de7174 c0de7174        0     1                 $t.29
c0de7175 c0de7175       40     1                 app_exit
c0de71b4 c0de71b4      104     4         obj/main.o:(.text.coin_main)
c0de71b4 c0de71b4        0     1                 $t.32
c0de71b5 c0de71b5      104     1                 coin_main
c0de7298 c0de7298        0     1                 $d.33
c0de72b8 c0de72b8       b8     4         obj/main.o:(.text.library_main)
c0de72b8 c0de72b8        0     1                 $t.34
c0de72b9 c0de72b9       b8     1                 library_main
c0de736c c0de736c        0     1                 $d.35
c0de7370 c0de7370       44     4         obj/network.o:(.text.get_chain_id)
c0de7370 c0de7370        0     1                 $t.0
c0de7371 c0de7371       44     1                 get_chain_id
c0de73ac c0de73ac        0     1                 $d.1
c0de73b4 c0de73b4       34     4         obj/network.o:(.text.get_network)
c0de73b4 c0de73b4        0     1                 $t.2
c0de73b5 c0de73b5       34     1                 get_network
c0de73e4 c0de73e4        0     1                 $d.3
c0de73e8 c0de73e8       14     2         obj/network.o:(.text.get_network_name)
c0de73e8 c0de73e8        0     1                 $t.4
c0de73e9 c0de73e9       14     1                 get_network_name
c0de73fc c0de73fc       20     4         obj/network.o:(.text.get_network_ticker)
c0de73fc c0de73fc        0     1                 $t.5
c0de73fd c0de73fd       20     1                 get_network_ticker
c0de7418 c0de7418        0     1                 $d.6
c0de741c c0de741c        a     2         obj/os.o:(.text.os_boot)
c0de741c c0de741c        0     1                 $t.0
c0de741d c0de741d        a     1                 os_boot
c0de7426 c0de7426        c     2         obj/os.o:(.text.os_longjmp)
c0de7426 c0de7426        0     1                 $t.3
c0de7427 c0de7427        c     1                 os_longjmp
c0de7434 c0de7434       14     4         obj/os_io_seproxyhal.o:(.text.io_seproxyhal_general_status)
c0de7434 c0de7434        0     1                 $t.0
c0de7435 c0de7435       14     1                 io_seproxyhal_general_status
c0de7444 c0de7444        0     1                 $d.1
c0de7448 c0de7448       7c     4         obj/os_io_seproxyhal.o:(.text.io_seproxyhal_handle_usb_event)
c0de7448 c0de7448        0     1                 $t.4
c0de7449 c0de7449       7c     1                 io_seproxyhal_handle_usb_event
c0de74b8 c0de74b8        0     1                 $d.5
c0de74c4 c0de74c4       1c     4         obj/os_io_seproxyhal.o:(.text.io_seproxyhal_get_ep_rx_size)
c0de74c4 c0de74c4        0     1                 $t.6
c0de74c5 c0de74c5       1c     1                 io_seproxyhal_get_ep_rx_size
c0de74dc c0de74dc        0     1                 $d.7
c0de74e0 c0de74e0       78     4         obj/os_io_seproxyhal.o:(.text.io_seproxyhal_handle_usb_ep_xfer_event)
c0de74e0 c0de74e0        0     1                 $t.8
c0de74e1 c0de74e1       78     1                 io_seproxyhal_handle_usb_ep_xfer_event
c0de754c c0de754c        0     1                 $d.9
c0de7558 c0de7558       54     4         obj/os_io_seproxyhal.o:(.text.io_usb_send_ep)
c0de7558 c0de7558        0     1                 $t.10
c0de7559 c0de7559       54     1                 io_usb_send_ep
c0de75a4 c0de75a4        0     1                 $d.11
c0de75ac c0de75ac       10     2         obj/os_io_seproxyhal.o:(.text.io_usb_send_apdu_data)
c0de75ac c0de75ac        0     1                 $t.12
c0de75ad c0de75ad       10     1                 io_usb_send_apdu_data
c0de75bc c0de75bc       10     2         obj/os_io_seproxyhal.o:(.text.io_usb_send_apdu_data_ep0x83)
c0de75bc c0de75bc        0     1                 $t.13
c0de75bd c0de75bd       10     1                 io_usb_send_apdu_data_ep0x83
c0de75cc c0de75cc       4c     4         obj/os_io_seproxyhal.o:(.text.io_seproxyhal_handle_capdu_event)
c0de75cc c0de75cc        0     1                 $t.14
c0de75cd c0de75cd       4c     1                 io_seproxyhal_handle_capdu_event
c0de760c c0de760c        0     1                 $d.15
c0de7618 c0de7618       bc     4         obj/os_io_seproxyhal.o:(.text.io_seproxyhal_handle_event)
c0de7618 c0de7618        0     1                 $t.16
c0de7619 c0de7619       bc     1                 io_seproxyhal_handle_event
c0de76cc c0de76cc        0     1                 $d.17
c0de76d4 c0de76d4       54     4         obj/os_io_seproxyhal.o:(.text.io_seproxyhal_init)
c0de76d4 c0de76d4        0     1                 $t.18
c0de76d5 c0de76d5       54     1                 io_seproxyhal_init
c0de771c c0de771c        0     1                 $d.19
c0de7728 c0de7728        2     2         obj/os_io_seproxyhal.o:(.text.io_seproxyhal_init_ux)
c0de7728 c0de7728        0     1                 $t.20
c0de7729 c0de7729        2     1                 io_seproxyhal_init_ux
c0de772c c0de772c       14     4         obj/os_io_seproxyhal.o:(.text.io_seproxyhal_init_button)
c0de772c c0de772c        0     1                 $t.21
c0de772d c0de772d       14     1                 io_seproxyhal_init_button
c0de773c c0de773c        0     1                 $d.22
c0de7740 c0de7740       3e     2         obj/os_io_seproxyhal.o:(.text.io_seproxyhal_display_icon)
c0de7740 c0de7740        0     1                 $t.24
c0de7741 c0de7741       3e     1                 io_seproxyhal_display_icon
c0de777e c0de777e       4e     2         obj/os_io_seproxyhal.o:(.text.io_seproxyhal_display_default)
c0de777e c0de777e        0     1                 $t.25
c0de777f c0de777f       4e     1                 io_seproxyhal_display_default
c0de77cc c0de77cc       74     4         obj/os_io_seproxyhal.o:(.text.io_seproxyhal_button_push)
c0de77cc c0de77cc        0     1                 $t.28
c0de77cd c0de77cd       74     1                 io_seproxyhal_button_push
c0de7838 c0de7838        0     1                 $d.29
c0de7840 c0de7840       4c     4         obj/os_io_seproxyhal.o:(.text.os_io_seproxyhal_get_app_name_and_version)
c0de7840 c0de7840        0     1                 $t.44
c0de7841 c0de7841       4c     1                 os_io_seproxyhal_get_app_name_and_version
c0de7888 c0de7888        0     1                 $d.45
c0de788c c0de788c      2d0     4         obj/os_io_seproxyhal.o:(.text.io_exchange)
c0de788c c0de788c        0     1                 $t.46
c0de788d c0de788d      2d0     1                 io_exchange
c0de7b44 c0de7b44        0     1                 $d.47
c0de7b5c c0de7b5c       44     4         obj/os_io_seproxyhal.o:(.text.os_io_seph_recv_and_process)
c0de7b5c c0de7b5c        0     1                 $t.48
c0de7b5d c0de7b5d       44     1                 os_io_seph_recv_and_process
c0de7b98 c0de7b98        0     1                 $d.49
c0de7ba0 c0de7ba0       30     4         obj/os_io_seproxyhal.o:(.text.io_seproxyhal_io_heartbeat)
c0de7ba0 c0de7ba0        0     1                 $t.52
c0de7ba1 c0de7ba1       30     1                 io_seproxyhal_io_heartbeat
c0de7bcc c0de7bcc        0     1                 $d.53
c0de7bd0 c0de7bd0      18c     4         obj/os_io_usb.o:(.text.io_usb_hid_receive)
c0de7bd0 c0de7bd0        0     1                 $t.0
c0de7bd1 c0de7bd1      18c     1                 io_usb_hid_receive
c0de7d40 c0de7d40        0     1                 $d.1
c0de7d5c c0de7d5c       20     4         obj/os_io_usb.o:(.text.io_usb_hid_init)
c0de7d5c c0de7d5c        0     1                 $t.2
c0de7d5d c0de7d5d       20     1                 io_usb_hid_init
c0de7d70 c0de7d70        0     1                 $d.3
c0de7d7c c0de7d7c       d8     4         obj/os_io_usb.o:(.text.io_usb_hid_sent)
c0de7d7c c0de7d7c        0     1                 $t.4
c0de7d7d c0de7d7d       d8     1                 io_usb_hid_sent
c0de7e3c c0de7e3c        0     1                 $d.5
c0de7e54 c0de7e54       38     4         obj/os_io_usb.o:(.text.io_usb_hid_send)
c0de7e54 c0de7e54        0     1                 $t.6
c0de7e55 c0de7e55       38     1                 io_usb_hid_send
c0de7e78 c0de7e78        0     1                 $d.7
c0de7e8c c0de7e8c      388     4         obj/os_printf.o:(.text.snprintf)
c0de7e8c c0de7e8c        0     1                 $t.0
c0de7e8d c0de7e8d      388     1                 snprintf
c0de8204 c0de8204        0     1                 $d.1
c0de8214 c0de8214        c     2         obj/osal.o:(.text.Osal_MemCpy)
c0de8214 c0de8214        0     1                 $t.0
c0de8215 c0de8215        c     1                 Osal_MemCpy
c0de8220 c0de8220       12     2         obj/osal.o:(.text.Osal_MemSet)
c0de8220 c0de8220        0     1                 $t.1
c0de8221 c0de8221       12     1                 Osal_MemSet
c0de8234 c0de8234       10     4         obj/pic.o:(.text.pic_internal)
c0de8234 c0de8234        0     1                 $t.0
c0de8235 c0de8235        c     1                 pic_internal
c0de8240 c0de8240        0     1                 $d.2
c0de8244 c0de8244       38     4         obj/pic.o:(.text.pic)
c0de8244 c0de8244        0     1                 $t.1
c0de8245 c0de8245       26     1                 pic
c0de826c c0de826c        0     1                 $d.3
c0de827c c0de827c       12     2         obj/poorstream.o:(.text.poorstream_init)
c0de827c c0de827c        0     1                 $t.0
c0de827d c0de827d       12     1                 poorstream_init
c0de828e c0de828e       32     2         obj/poorstream.o:(.text.poorstream_flush)
c0de828e c0de828e        0     1                 $t.1
c0de828f c0de828f       32     1                 poorstream_flush
c0de82c0 c0de82c0       96     2         obj/poorstream.o:(.text.poorstream_write_bits)
c0de82c0 c0de82c0        0     1                 $t.2
c0de82c1 c0de82c1       96     1                 poorstream_write_bits
c0de8358 c0de8358       8c     4         obj/stark_crypto.o:(.text.starkDerivePrivateKey)
c0de8358 c0de8358        0     1                 $t.0
c0de8359 c0de8359       8c     1                 starkDerivePrivateKey
c0de83d4 c0de83d4        0     1                 $d.1
c0de83e4 c0de83e4       a8     4         obj/stark_crypto.o:(.text.stark_get_amount_string)
c0de83e4 c0de83e4        0     1                 $t.2
c0de83e5 c0de83e5       a8     1                 stark_get_amount_string
c0de8488 c0de8488        0     1                 $d.3
c0de848c c0de848c       94     4         obj/stark_utils.o:(.text.accum_ec_mul)
c0de848c c0de848c        0     1                 $t.0
c0de848d c0de848d       94     1                 accum_ec_mul
c0de851c c0de851c        0     1                 $d.1
c0de8520 c0de8520       18     2         obj/stark_utils.o:(.text.allzeroes)
c0de8520 c0de8520        0     1                 $t.2
c0de8521 c0de8521       18     1                 allzeroes
c0de8538 c0de8538       60     4         obj/stark_utils.o:(.text.pedersen)
c0de8538 c0de8538        0     1                 $t.3
c0de8539 c0de8539       60     1                 pedersen
c0de8590 c0de8590        0     1                 $d.4
c0de8598 c0de8598       68     4         obj/stark_utils.o:(.text.shift_stark_hash)
c0de8598 c0de8598        0     1                 $t.5
c0de8599 c0de8599       68     1                 shift_stark_hash
c0de85fc c0de85fc        0     1                 $d.6
c0de8600 c0de8600       78     4         obj/stark_utils.o:(.text.stark_sign)
c0de8600 c0de8600        0     1                 $t.7
c0de8601 c0de8601       78     1                 stark_sign
c0de8674 c0de8674        0     1                 $d.8
c0de8678 c0de8678      180     4         obj/stark_utils.o:(.text.compute_token_id)
c0de8678 c0de8678        0     1                 $t.9
c0de8679 c0de8679      180     1                 compute_token_id
c0de87d8 c0de87d8        0     1                 $d.10
c0de87f8 c0de87f8       14     2         obj/stark_utils.o:(.text.cx_keccak_init)
c0de87f8 c0de87f8        0     1                 $t.11
c0de87f9 c0de87f9       14     1                 cx_keccak_init
c0de880c c0de880c       22     2         obj/stark_utils.o:(.text.cx_hash)
c0de880c c0de880c        0     1                 $t.12
c0de880d c0de880d       22     1                 cx_hash
c0de8830 c0de8830       30     4         obj/starkware_plugin.o:(.text.is_deversify_contract)
c0de8830 c0de8830        0     1                 $t.0
c0de8831 c0de8831       30     1                 is_deversify_contract
c0de885c c0de885c        0     1                 $d.1
c0de8860 c0de8860       88     4         obj/starkware_plugin.o:(.text.starkware_verify_asset_id)
c0de8860 c0de8860        0     1                 $t.2
c0de8861 c0de8861       88     1                 starkware_verify_asset_id
c0de88dc c0de88dc        0     1                 $d.3
c0de88e8 c0de88e8       40     4         obj/starkware_plugin.o:(.text.starkware_verify_nft_token_id)
c0de88e8 c0de88e8        0     1                 $t.8
c0de88e9 c0de88e9       40     1                 starkware_verify_nft_token_id
c0de8920 c0de8920        0     1                 $d.9
c0de8928 c0de8928       24     4         obj/starkware_plugin.o:(.text.starkware_print_vault_id)
c0de8928 c0de8928        0     1                 $t.10
c0de8929 c0de8929       24     1                 starkware_print_vault_id
c0de8948 c0de8948        0     1                 $d.11
c0de894c c0de894c       2c     4         obj/starkware_plugin.o:(.text.starkware_print_stark_key)
c0de894c c0de894c        0     1                 $t.12
c0de894d c0de894d       2c     1                 starkware_print_stark_key
c0de8974 c0de8974        0     1                 $d.13
c0de8978 c0de8978       e0     4         obj/starkware_plugin.o:(.text.starkware_print_amount)
c0de8978 c0de8978        0     1                 $t.14
c0de8979 c0de8979       e0     1                 starkware_print_amount
c0de8a44 c0de8a44        0     1                 $d.15
c0de8a58 c0de8a58       38     4         obj/starkware_plugin.o:(.text.starkware_print_ticker)
c0de8a58 c0de8a58        0     1                 $t.16
c0de8a59 c0de8a59       38     1                 starkware_print_ticker
c0de8a84 c0de8a84        0     1                 $d.17
c0de8a90 c0de8a90       5c     4         obj/starkware_plugin.o:(.text.starkware_print_asset_contract)
c0de8a90 c0de8a90        0     1                 $t.18
c0de8a91 c0de8a91       5c     1                 starkware_print_asset_contract
c0de8ad8 c0de8ad8        0     1                 $d.19
c0de8aec c0de8aec       94     4         obj/starkware_plugin.o:(.text.starkware_get_source_address)
c0de8aec c0de8aec        0     1                 $t.20
c0de8aed c0de8aed       94     1                 starkware_get_source_address
c0de8b74 c0de8b74        0     1                 $d.21
c0de8b80 c0de8b80      5d8     4         obj/starkware_plugin.o:(.text.starkware_plugin_call)
c0de8b80 c0de8b80        0     1                 $t.22
c0de8b81 c0de8b81      5d8     1                 starkware_plugin_call
c0de8fa0 c0de8fa0        0     1                 $d.23
c0de8fa4 c0de8fa4        0     1                 $t.24
c0de9014 c0de9014        0     1                 $d.25
c0de9024 c0de9024        0     1                 $t.26
c0de90c8 c0de90c8        0     1                 $d.27
c0de9158 c0de9158       16     2         obj/starkware_plugin.o:(.text.U4BE)
c0de9158 c0de9158        0     1                 $t.28
c0de9159 c0de9159       16     1                 U4BE
c0de916e c0de916e        e     2         obj/svc_call.o:(.text)
c0de916e c0de916e        0     1                 $t
c0de916f c0de916f        0     1                 SVC_Call
c0de9176 c0de9176        0     1                 exception
c0de917c c0de917c        4     2         obj/svc_cx_call.o:(.text)
c0de917c c0de917c        0     1                 $t
c0de917d c0de917d        0     1                 SVC_cx_call
c0de9180 c0de9180       18     4         obj/syscalls.o:(.text.get_api_level)
c0de9180 c0de9180        0     1                 $t.0
c0de9181 c0de9181       18     1                 get_api_level
c0de9194 c0de9194        0     1                 $d.1
c0de9198 c0de9198       14     4         obj/syscalls.o:(.text.halt)
c0de9198 c0de9198        0     1                 $t.2
c0de9199 c0de9199       14     1                 halt
c0de91a8 c0de91a8        0     1                 $d.3
c0de91ac c0de91ac       18     4         obj/syscalls.o:(.text.nvm_write)
c0de91ac c0de91ac        0     1                 $t.4
c0de91ad c0de91ad       18     1                 nvm_write
c0de91c0 c0de91c0        0     1                 $d.5
c0de91c4 c0de91c4       18     4         obj/syscalls.o:(.text.cx_ecdomain_parameters_length)
c0de91c4 c0de91c4        0     1                 $t.122
c0de91c5 c0de91c5       18     1                 cx_ecdomain_parameters_length
c0de91d8 c0de91d8        0     1                 $d.123
c0de91dc c0de91dc       18     4         obj/syscalls.o:(.text.os_perso_isonboarded)
c0de91dc c0de91dc        0     1                 $t.190
c0de91dd c0de91dd       18     1                 os_perso_isonboarded
c0de91f0 c0de91f0        0     1                 $d.191
c0de91f4 c0de91f4       20     4         obj/syscalls.o:(.text.os_perso_derive_node_bip32)
c0de91f4 c0de91f4        0     1                 $t.194
c0de91f5 c0de91f5       20     1                 os_perso_derive_node_bip32
c0de9210 c0de9210        0     1                 $d.195
c0de9214 c0de9214       18     4         obj/syscalls.o:(.text.os_perso_derive_eip2333)
c0de9214 c0de9214        0     1                 $t.198
c0de9215 c0de9215       18     1                 os_perso_derive_eip2333
c0de9228 c0de9228        0     1                 $d.199
c0de922c c0de922c       18     4         obj/syscalls.o:(.text.os_global_pin_is_validated)
c0de922c c0de922c        0     1                 $t.216
c0de922d c0de922d       18     1                 os_global_pin_is_validated
c0de9240 c0de9240        0     1                 $d.217
c0de9244 c0de9244       18     4         obj/syscalls.o:(.text.os_ux)
c0de9244 c0de9244        0     1                 $t.228
c0de9245 c0de9245       18     1                 os_ux
c0de9258 c0de9258        0     1                 $d.229
c0de925c c0de925c       18     4         obj/syscalls.o:(.text.os_lib_call)
c0de925c c0de925c        0     1                 $t.232
c0de925d c0de925d       18     1                 os_lib_call
c0de9270 c0de9270        0     1                 $d.233
c0de9274 c0de9274       14     4         obj/syscalls.o:(.text.os_lib_end)
c0de9274 c0de9274        0     1                 $t.234
c0de9275 c0de9275       14     1                 os_lib_end
c0de9284 c0de9284        0     1                 $d.235
c0de9288 c0de9288       14     4         obj/syscalls.o:(.text.os_flags)
c0de9288 c0de9288        0     1                 $t.236
c0de9289 c0de9289       14     1                 os_flags
c0de9298 c0de9298        0     1                 $d.237
c0de929c c0de929c       18     4         obj/syscalls.o:(.text.os_serial)
c0de929c c0de929c        0     1                 $t.240
c0de929d c0de929d       18     1                 os_serial
c0de92b0 c0de92b0        0     1                 $d.241
c0de92b4 c0de92b4       18     4         obj/syscalls.o:(.text.os_setting_get)
c0de92b4 c0de92b4        0     1                 $t.248
c0de92b5 c0de92b5       18     1                 os_setting_get
c0de92c8 c0de92c8        0     1                 $d.249
c0de92cc c0de92cc       18     4         obj/syscalls.o:(.text.os_registry_get_current_app_tag)
c0de92cc c0de92cc        0     1                 $t.256
c0de92cd c0de92cd       18     1                 os_registry_get_current_app_tag
c0de92e0 c0de92e0        0     1                 $d.257
c0de92e4 c0de92e4       18     4         obj/syscalls.o:(.text.os_sched_exit)
c0de92e4 c0de92e4        0     1                 $t.266
c0de92e5 c0de92e5       18     1                 os_sched_exit
c0de92f8 c0de92f8        0     1                 $d.267
c0de92fc c0de92fc       14     4         obj/syscalls.o:(.text.io_seph_send)
c0de92fc c0de92fc        0     1                 $t.274
c0de92fd c0de92fd       14     1                 io_seph_send
c0de930c c0de930c        0     1                 $d.275
c0de9310 c0de9310       14     4         obj/syscalls.o:(.text.io_seph_is_status_sent)
c0de9310 c0de9310        0     1                 $t.276
c0de9311 c0de9311       14     1                 io_seph_is_status_sent
c0de9320 c0de9320        0     1                 $d.277
c0de9324 c0de9324       18     4         obj/syscalls.o:(.text.io_seph_recv)
c0de9324 c0de9324        0     1                 $t.278
c0de9325 c0de9325       18     1                 io_seph_recv
c0de9338 c0de9338        0     1                 $d.279
c0de933c c0de933c       14     4         obj/syscalls.o:(.text.try_context_get)
c0de933c c0de933c        0     1                 $t.284
c0de933d c0de933d       14     1                 try_context_get
c0de934c c0de934c        0     1                 $d.285
c0de9350 c0de9350       18     4         obj/syscalls.o:(.text.try_context_set)
c0de9350 c0de9350        0     1                 $t.286
c0de9351 c0de9351       18     1                 try_context_set
c0de9364 c0de9364        0     1                 $d.287
c0de9368 c0de9368       1c     4         obj/syscalls.o:(.text.os_sched_last_status)
c0de9368 c0de9368        0     1                 $t.288
c0de9369 c0de9369       1c     1                 os_sched_last_status
c0de9380 c0de9380        0     1                 $d.289
c0de9384 c0de9384       14     4         obj/syscalls.o:(.text.screen_update)
c0de9384 c0de9384        0     1                 $t.308
c0de9385 c0de9385       14     1                 screen_update
c0de9394 c0de9394        0     1                 $d.309
c0de9398 c0de9398       30     4         obj/syscalls.o:(.text.bagl_hal_draw_bitmap_within_rect)
c0de9398 c0de9398        0     1                 $t.312
c0de9399 c0de9399       30     1                 bagl_hal_draw_bitmap_within_rect
c0de93c4 c0de93c4        0     1                 $d.313
c0de93c8 c0de93c8       20     4         obj/syscalls.o:(.text.bagl_hal_draw_rect)
c0de93c8 c0de93c8        0     1                 $t.314
c0de93c9 c0de93c9       20     1                 bagl_hal_draw_rect
c0de93e4 c0de93e4        0     1                 $d.315
c0de93e8 c0de93e8       18     4         obj/syscalls.o:(.text.os_ux_get_status)
c0de93e8 c0de93e8        0     1                 $t.318
c0de93e9 c0de93e9       18     1                 os_ux_get_status
c0de93fc c0de93fc        0     1                 $d.319
c0de9400 c0de9400      11c     4         obj/u2f_impl.o:(.text.u2f_apdu_sign)
c0de9400 c0de9400        0     1                 $t.2
c0de9401 c0de9401      11c     1                 u2f_apdu_sign
c0de94f8 c0de94f8        0     1                 $d.3
c0de951c c0de951c       d8     4         obj/u2f_impl.o:(.text.u2f_handle_cmd_init)
c0de951c c0de951c        0     1                 $t.8
c0de951d c0de951d       d8     1                 u2f_handle_cmd_init
c0de95f0 c0de95f0        0     1                 $d.9
c0de95f4 c0de95f4        e     2         obj/u2f_impl.o:(.text.u2f_handle_cmd_ping)
c0de95f4 c0de95f4        0     1                 $t.10
c0de95f5 c0de95f5        e     1                 u2f_handle_cmd_ping
c0de9604 c0de9604       a8     4         obj/u2f_impl.o:(.text.u2f_handle_cmd_msg)
c0de9604 c0de9604        0     1                 $t.11
c0de9605 c0de9605       a8     1                 u2f_handle_cmd_msg
c0de9694 c0de9694        0     1                 $d.12
c0de96ac c0de96ac       3a     2         obj/u2f_impl.o:(.text.u2f_message_complete)
c0de96ac c0de96ac        0     1                 $t.13
c0de96ad c0de96ad       3a     1                 u2f_message_complete
c0de96e8 c0de96e8       44     4         obj/u2f_io.o:(.text.u2f_io_send)
c0de96e8 c0de96e8        0     1                 $t.0
c0de96e9 c0de96e9       44     1                 u2f_io_send
c0de9728 c0de9728        0     1                 $d.1
c0de972c c0de972c       18     2         obj/u2f_transport.o:(.text.u2f_transport_init)
c0de972c c0de972c        0     1                 $t.1
c0de972d c0de972d       18     1                 u2f_transport_init
c0de9744 c0de9744       f8     4         obj/u2f_transport.o:(.text.u2f_transport_sent)
c0de9744 c0de9744        0     1                 $t.2
c0de9745 c0de9745       f8     1                 u2f_transport_sent
c0de9834 c0de9834        0     1                 $d.3
c0de983c c0de983c       24     2         obj/u2f_transport.o:(.text.u2f_message_repliable)
c0de983c c0de983c        0     1                 $t.4
c0de983d c0de983d       24     1                 u2f_message_repliable
c0de9860 c0de9860       40     4         obj/u2f_transport.o:(.text.u2f_transport_send_usb_user_presence_required)
c0de9860 c0de9860        0     1                 $t.5
c0de9861 c0de9861       40     1                 u2f_transport_send_usb_user_presence_required
c0de989c c0de989c        0     1                 $d.6
c0de98a0 c0de98a0       34     4         obj/u2f_transport.o:(.text.u2f_transport_send_wink)
c0de98a0 c0de98a0        0     1                 $t.7
c0de98a1 c0de98a1       34     1                 u2f_transport_send_wink
c0de98d0 c0de98d0        0     1                 $d.8
c0de98d4 c0de98d4       d8     2         obj/u2f_transport.o:(.text.u2f_transport_receive_fakeChannel)
c0de98d4 c0de98d4        0     1                 $t.9
c0de98d5 c0de98d5       d8     1                 u2f_transport_receive_fakeChannel
c0de99ac c0de99ac      2f4     4         obj/u2f_transport.o:(.text.u2f_transport_received)
c0de99ac c0de99ac        0     1                 $t.10
c0de99ad c0de99ad      2f4     1                 u2f_transport_received
c0de9c9c c0de9c9c        0     1                 $d.11
c0de9ca0 c0de9ca0       30     4         obj/u2f_transport.o:(.text.u2f_transport_error)
c0de9ca0 c0de9ca0        0     1                 $t.12
c0de9ca1 c0de9ca1       30     1                 u2f_transport_error
c0de9ccc c0de9ccc        0     1                 $d.13
c0de9cd0 c0de9cd0       1c     2         obj/u2f_transport.o:(.text.u2f_is_channel_broadcast)
c0de9cd0 c0de9cd0        0     1                 $t.14
c0de9cd1 c0de9cd1       1c     1                 u2f_is_channel_broadcast
c0de9cec c0de9cec       1a     2         obj/u2f_transport.o:(.text.u2f_is_channel_forbidden)
c0de9cec c0de9cec        0     1                 $t.15
c0de9ced c0de9ced       1a     1                 u2f_is_channel_forbidden
c0de9d06 c0de9d06       28     2         obj/u2f_transport.o:(.text.u2f_message_set_autoreply_wait_user_presence)
c0de9d06 c0de9d06        0     1                 $t.16
c0de9d07 c0de9d07       28     1                 u2f_message_set_autoreply_wait_user_presence
c0de9d30 c0de9d30       54     4         obj/u2f_transport.o:(.text.u2f_message_reply)
c0de9d30 c0de9d30        0     1                 $t.17
c0de9d31 c0de9d31       54     1                 u2f_message_reply
c0de9d80 c0de9d80        0     1                 $d.18
c0de9d84 c0de9d84       34     4         obj/ui_common_getEth2PublicKey.o:(.text.io_seproxyhal_touch_eth2_address_ok)
c0de9d84 c0de9d84        0     1                 $t.0
c0de9d85 c0de9d85       34     1                 io_seproxyhal_touch_eth2_address_ok
c0de9db4 c0de9db4        0     1                 $d.1
c0de9db8 c0de9db8       34     4         obj/ui_common_getPublicKey.o:(.text.io_seproxyhal_touch_address_ok)
c0de9db8 c0de9db8        0     1                 $t.0
c0de9db9 c0de9db9       34     1                 io_seproxyhal_touch_address_ok
c0de9de8 c0de9de8        0     1                 $d.1
c0de9dec c0de9dec       28     4         obj/ui_common_getPublicKey.o:(.text.io_seproxyhal_touch_address_cancel)
c0de9dec c0de9dec        0     1                 $t.2
c0de9ded c0de9ded       28     1                 io_seproxyhal_touch_address_cancel
c0de9e10 c0de9e10        0     1                 $d.3
c0de9e14 c0de9e14       34     4         obj/ui_common_performPrivacyOperation.o:(.text.io_seproxyhal_touch_privacy_ok)
c0de9e14 c0de9e14        0     1                 $t.0
c0de9e15 c0de9e15       34     1                 io_seproxyhal_touch_privacy_ok
c0de9e44 c0de9e44        0     1                 $d.1
c0de9e48 c0de9e48       28     4         obj/ui_common_performPrivacyOperation.o:(.text.io_seproxyhal_touch_privacy_cancel)
c0de9e48 c0de9e48        0     1                 $t.2
c0de9e49 c0de9e49       28     1                 io_seproxyhal_touch_privacy_cancel
c0de9e6c c0de9e6c        0     1                 $d.3
c0de9e70 c0de9e70       c4     4         obj/ui_common_signMessage.o:(.text.io_seproxyhal_touch_signMessage_ok)
c0de9e70 c0de9e70        0     1                 $t.0
c0de9e71 c0de9e71       c4     1                 io_seproxyhal_touch_signMessage_ok
c0de9f28 c0de9f28        0     1                 $d.1
c0de9f34 c0de9f34       28     4         obj/ui_common_signMessage.o:(.text.io_seproxyhal_touch_signMessage_cancel)
c0de9f34 c0de9f34        0     1                 $t.2
c0de9f35 c0de9f35       28     1                 io_seproxyhal_touch_signMessage_cancel
c0de9f58 c0de9f58        0     1                 $d.3
c0de9f5c c0de9f5c      118     4         obj/ui_common_signMessage712.o:(.text.io_seproxyhal_touch_signMessage712_v0_ok)
c0de9f5c c0de9f5c        0     1                 $t.0
c0de9f5d c0de9f5d      118     1                 io_seproxyhal_touch_signMessage712_v0_ok
c0dea05c c0dea05c        0     1                 $d.1
c0dea074 c0dea074       30     4         obj/ui_common_signMessage712.o:(.text.cx_hash)
c0dea074 c0dea074        0     1                 $t.2
c0dea075 c0dea075       30     1                 cx_hash
c0dea0a0 c0dea0a0        0     1                 $d.3
c0dea0a4 c0dea0a4       28     4         obj/ui_common_signMessage712.o:(.text.io_seproxyhal_touch_signMessage712_v0_cancel)
c0dea0a4 c0dea0a4        0     1                 $t.4
c0dea0a5 c0dea0a5       28     1                 io_seproxyhal_touch_signMessage712_v0_cancel
c0dea0c8 c0dea0c8        0     1                 $d.5
c0dea0cc c0dea0cc      120     4         obj/ui_common_signTx.o:(.text.io_seproxyhal_touch_tx_ok)
c0dea0cc c0dea0cc        0     1                 $t.0
c0dea0cd c0dea0cd      120     1                 io_seproxyhal_touch_tx_ok
c0dea1d4 c0dea1d4        0     1                 $d.1
c0dea1ec c0dea1ec       28     4         obj/ui_common_signTx.o:(.text.io_seproxyhal_touch_tx_cancel)
c0dea1ec c0dea1ec        0     1                 $t.2
c0dea1ed c0dea1ed       28     1                 io_seproxyhal_touch_tx_cancel
c0dea210 c0dea210        0     1                 $d.3
c0dea214 c0dea214       44     4         obj/ui_common_signTx.o:(.text.io_seproxyhal_touch_data_ok)
c0dea214 c0dea214        0     1                 $t.4
c0dea215 c0dea215       44     1                 io_seproxyhal_touch_data_ok
c0dea254 c0dea254        0     1                 $d.5
c0dea258 c0dea258       18     4         obj/ui_common_signTx.o:(.text.io_seproxyhal_touch_data_cancel)
c0dea258 c0dea258        0     1                 $t.6
c0dea259 c0dea259       18     1                 io_seproxyhal_touch_data_cancel
c0dea26c c0dea26c        0     1                 $d.7
c0dea270 c0dea270       34     4         obj/ui_common_stark_getPublicKey.o:(.text.io_seproxyhal_touch_stark_pubkey_ok)
c0dea270 c0dea270        0     1                 $t.0
c0dea271 c0dea271       34     1                 io_seproxyhal_touch_stark_pubkey_ok
c0dea2a0 c0dea2a0        0     1                 $d.1
c0dea2a4 c0dea2a4       80     4         obj/ui_common_stark_sign.o:(.text.io_seproxyhal_touch_stark_ok)
c0dea2a4 c0dea2a4        0     1                 $t.0
c0dea2a5 c0dea2a5       80     1                 io_seproxyhal_touch_stark_ok
c0dea318 c0dea318        0     1                 $d.1
c0dea324 c0dea324       9c     4         obj/ui_common_stark_unsafe_sign.o:(.text.io_seproxyhal_touch_stark_unsafe_sign_ok)
c0dea324 c0dea324        0     1                 $t.0
c0dea325 c0dea325       9c     1                 io_seproxyhal_touch_stark_unsafe_sign_ok
c0dea3b0 c0dea3b0        0     1                 $d.1
c0dea3c0 c0dea3c0        a     2         obj/ui_flow.o:(.text.ux_idle_flow_3_step_validateinit)
c0dea3c0 c0dea3c0        0     1                 $t.0
c0dea3c1 c0dea3c1        a     1                 ux_idle_flow_3_step_validateinit
c0dea3cc c0dea3cc       c4     4         obj/ui_flow.o:(.text.display_settings)
c0dea3cc c0dea3cc        0     1                 $t.1
c0dea3cd c0dea3cd       c4     1                 display_settings
c0dea46c c0dea46c        0     1                 $d.2
c0dea490 c0dea490        6     2         obj/ui_flow.o:(.text.ux_idle_flow_4_step_validateinit)
c0dea490 c0dea490        0     1                 $t.3
c0dea491 c0dea491        6     1                 ux_idle_flow_4_step_validateinit
c0dea496 c0dea496        8     2         obj/ui_flow.o:(.text.ux_settings_flow_1_step_validateinit)
c0dea496 c0dea496        0     1                 $t.4
c0dea497 c0dea497        8     1                 ux_settings_flow_1_step_validateinit
c0dea4a0 c0dea4a0       38     4         obj/ui_flow.o:(.text.switch_settings_blind_signing)
c0dea4a0 c0dea4a0        0     1                 $t.5
c0dea4a1 c0dea4a1       38     1                 switch_settings_blind_signing
c0dea4d0 c0dea4d0        0     1                 $d.6
c0dea4d8 c0dea4d8        8     2         obj/ui_flow.o:(.text.ux_settings_flow_2_step_validateinit)
c0dea4d8 c0dea4d8        0     1                 $t.7
c0dea4d9 c0dea4d9        8     1                 ux_settings_flow_2_step_validateinit
c0dea4e0 c0dea4e0       38     4         obj/ui_flow.o:(.text.switch_settings_display_data)
c0dea4e0 c0dea4e0        0     1                 $t.8
c0dea4e1 c0dea4e1       38     1                 switch_settings_display_data
c0dea510 c0dea510        0     1                 $d.9
[...]
    4df0     4df0       a0     4         obj/ui_flow_stark_unsafe_sign.o:(.debug_frame)
    4e90     4e90       64     4         obj/ui_plugin.o:(.debug_frame)
    4ef4     4ef4      3e4     4         obj/uint256.o:(.debug_frame)
    52d8     52d8      144     4         obj/usbd_conf.o:(.debug_frame)
    541c     541c      1f4     4         obj/usbd_core.o:(.debug_frame)
    5610     5610      19c     4         obj/usbd_ctlreq.o:(.debug_frame)
    57ac     57ac       60     4         obj/usbd_hid.o:(.debug_frame)
    580c     580c      210     4         obj/usbd_impl.o:(.debug_frame)
    5a1c     5a1c       a8     4         obj/usbd_ioreq.o:(.debug_frame)
    5ac4     5ac4       f8     4         obj/utils.o:(.debug_frame)
    5bbc     5bbc      1d8     4         obj/ux_flow_engine.o:(.debug_frame)
    5d94     5d94       40     4         obj/ux_layout_bb.o:(.debug_frame)
    5dd4     5dd4       40     4         obj/ux_layout_bn.o:(.debug_frame)
    5e14     5e14       28     4         obj/ux_layout_bnn.o:(.debug_frame)
    5e3c     5e3c       28     4         obj/ux_layout_bnnn.o:(.debug_frame)
    5e64     5e64       40     4         obj/ux_layout_nn.o:(.debug_frame)
    5ea4     5ea4       48     4         obj/ux_layout_nnbnn.o:(.debug_frame)
    5eec     5eec       28     4         obj/ux_layout_nnn.o:(.debug_frame)
    5f14     5f14       28     4         obj/ux_layout_nnnn.o:(.debug_frame)
    5f3c     5f3c      1dc     4         obj/ux_layout_paging.o:(.debug_frame)
    6118     6118       40     4         obj/ux_layout_paging_compute.o:(.debug_frame)
    6158     6158       48     4         obj/ux_layout_pb.o:(.debug_frame)
    61a0     61a0       60     4         obj/ux_layout_pbb.o:(.debug_frame)
    6200     6200       40     4         obj/ux_layout_pbn.o:(.debug_frame)
    6240     6240       48     4         obj/ux_layout_pn.o:(.debug_frame)
    6288     6288       40     4         obj/ux_layout_pnn.o:(.debug_frame)
    62c8     62c8       58     4         obj/ux_layout_utils.o:(.debug_frame)
    6320     6320       28     4         obj/ux_legacy.o:(.debug_frame)
    6348     6348       80     4         obj/ux_menulist.o:(.debug_frame)
    63c8     63c8      118     4         obj/ux_stack.o:(.debug_frame)
    64e0     64e0       20     4         /opt/nanox-secure-sdk/lib/libgcc.a(_udivsi3.o):(.debug_frame)
    64f0     64f0        0     1                 $d
    6500     6500       34     4         /opt/nanox-secure-sdk/lib/libgcc.a(_muldi3.o):(.debug_frame)
    6534     6534       3c     4         /opt/nanox-secure-sdk/lib/libgcc.a(_udivmoddi4.o):(.debug_frame)
    6570     6570       28     4         /opt/nanox-secure-sdk/lib/libc.a(lib_a-aeabi_memclr.o):(.debug_frame)
    6598     6598       28     4         /opt/nanox-secure-sdk/lib/libc.a(lib_a-aeabi_memcpy.o):(.debug_frame)
    65c0     65c0       28     4         /opt/nanox-secure-sdk/lib/libc.a(lib_a-aeabi_memmove.o):(.debug_frame)
    65e8     65e8       28     4         /opt/nanox-secure-sdk/lib/libc.a(lib_a-aeabi_memset.o):(.debug_frame)
    6610     6610       28     4         /opt/nanox-secure-sdk/lib/libc.a(lib_a-explicit_bzero.o):(.debug_frame)
    6638     6638       28     4         /opt/nanox-secure-sdk/lib/libc.a(lib_a-bzero.o):(.debug_frame)
    6660     6660       2c     4         /opt/nanox-secure-sdk/lib/libc.a(lib_a-memcmp.o):(.debug_frame)
    668c     668c       34     4         /opt/nanox-secure-sdk/lib/libc.a(lib_a-memcpy-stub.o):(.debug_frame)
    66c0     66c0       34     4         /opt/nanox-secure-sdk/lib/libc.a(lib_a-memmove.o):(.debug_frame)
    66f4     66f4       30     4         /opt/nanox-secure-sdk/lib/libc.a(lib_a-memset.o):(.debug_frame)
    6724     6724       20     4         /opt/nanox-secure-sdk/lib/libc.a(lib_a-strcmp.o):(.debug_frame)
    6744     6744       2c     4         /opt/nanox-secure-sdk/lib/libc.a(lib_a-strlcat.o):(.debug_frame)
    6770     6770       30     4         /opt/nanox-secure-sdk/lib/libc.a(lib_a-strlcpy.o):(.debug_frame)
    67a0     67a0       28     4         /opt/nanox-secure-sdk/lib/libc.a(lib_a-strlen-stub.o):(.debug_frame)
    67c8     67c8       2c     4         /opt/nanox-secure-sdk/lib/libc.a(lib_a-strncmp.o):(.debug_frame)
    67f4     67f4       28     4         /opt/nanox-secure-sdk/lib/libc.a(lib_a-strnlen.o):(.debug_frame)
       0        0    12d3c     1 .debug_str
       0        0    12d3c     1         <internal>:(.debug_str)
       0        0    1b2c9     1 .debug_loc
       0        0     136e     1         obj/bagl.o:(.debug_loc)
    136e     136e     1e23     1         obj/ble_gap_aci.o:(.debug_loc)
    3191     3191     266c     1         obj/ble_gatt_aci.o:(.debug_loc)
    57fd     57fd      6b0     1         obj/ble_hal_aci.o:(.debug_loc)
    5ead     5ead     1f30     1         obj/ble_hci_le.o:(.debug_loc)
    7ddd     7ddd      756     1         obj/ble_l2cap_aci.o:(.debug_loc)
    8533     8533       74     1         obj/cmd_getAppConfiguration.o:(.debug_loc)
    85a7     85a7      374     1         obj/cmd_getEth2PublicKey.o:(.debug_loc)
    891b     891b      1d2     1         obj/cmd_getPublicKey.o:(.debug_loc)
    8aed     8aed      2df     1         obj/cmd_performPrivacyOperation.o:(.debug_loc)
    8dcc     8dcc      2dd     1         obj/cmd_provideNFTInfo.o:(.debug_loc)
    90a9     90a9      236     1         obj/cmd_provideTokenInfo.o:(.debug_loc)
    92df     92df       f6     1         obj/cmd_setEth2WithdrawalIndex.o:(.debug_loc)
    93d5     93d5      165     1         obj/cmd_setExternalPlugin.o:(.debug_loc)
    953a     953a      290     1         obj/cmd_setPlugin.o:(.debug_loc)
    97ca     97ca      459     1         obj/cmd_signMessage.o:(.debug_loc)
    9c23     9c23       f2     1         obj/cmd_signMessage712.o:(.debug_loc)
    9d15     9d15      2a5     1         obj/cmd_signTx.o:(.debug_loc)
    9fba     9fba      19a     1         obj/cmd_stark_getPublicKey.o:(.debug_loc)
    a154     a154      19d     1         obj/cmd_stark_provideQuantum.o:(.debug_loc)
    a2f1     a2f1      63a     1         obj/cmd_stark_sign.o:(.debug_loc)
    a92b     a92b      1d7     1         obj/cmd_stark_unsafe_sign.o:(.debug_loc)
    ab02     ab02      310     1         obj/compound_plugin.o:(.debug_loc)
    ae12     ae12      272     1         obj/erc1155_plugin.o:(.debug_loc)
    b084     b084      322     1         obj/erc1155_provide_parameters.o:(.debug_loc)
    b3a6     b3a6      11c     1         obj/erc1155_ui.o:(.debug_loc)
    b4c2     b4c2      302     1         obj/erc20_plugin.o:(.debug_loc)
    b7c4     b7c4      225     1         obj/erc721_plugin.o:(.debug_loc)
    b9e9     b9e9      1c4     1         obj/erc721_provide_parameters.o:(.debug_loc)
    bbad     bbad      111     1         obj/erc721_ui.o:(.debug_loc)
    bcbe     bcbe      1fd     1         obj/eth2_plugin.o:(.debug_loc)
    bebb     bebb      844     1         obj/ethUstream.o:(.debug_loc)
    c6ff     c6ff      8a7     1         obj/ethUtils.o:(.debug_loc)
    cfa6     cfa6      55b     1         obj/eth_plugin_handler.o:(.debug_loc)
    d501     d501       d8     1         obj/eth_plugin_internal.o:(.debug_loc)
    d5d9     d5d9      14e     1         obj/handle_check_address.o:(.debug_loc)
    d727     d727       88     1         obj/handle_get_printable_amount.o:(.debug_loc)
    d7af     d7af       b0     1         obj/handle_swap_sign_transaction.o:(.debug_loc)
    d85f     d85f      7e1     1         obj/ledger_ble.o:(.debug_loc)
    e040     e040      1ff     1         obj/ledger_protocol.o:(.debug_loc)
    e23f     e23f       1f     1         obj/logic_getEth2PublicKey.o:(.debug_loc)
    e25e     e25e       4d     1         obj/logic_getPublicKey.o:(.debug_loc)
    e2ab     e2ab       1e     1         obj/logic_performPrivacyOperation.o:(.debug_loc)
    e2c9     e2c9      72b     1         obj/logic_signTx.o:(.debug_loc)
    e9f4     e9f4       1f     1         obj/logic_stark_getPublicKey.o:(.debug_loc)
    ea13     ea13      70e     1         obj/main.o:(.debug_loc)
    f121     f121       92     1         obj/network.o:(.debug_loc)
    f1b3     f1b3      786     1         obj/os.o:(.debug_loc)
    f939     f939      8d5     1         obj/os_io_seproxyhal.o:(.debug_loc)
   1020e    1020e      1e9     1         obj/os_io_usb.o:(.debug_loc)
   103f7    103f7      555     1         obj/os_printf.o:(.debug_loc)
   1094c    1094c      135     1         obj/osal.o:(.debug_loc)
   10a81    10a81       7d     1         obj/pic.o:(.debug_loc)
   10afe    10afe      114     1         obj/poorstream.o:(.debug_loc)
   10c12    10c12      3cb     1         obj/stark_crypto.o:(.debug_loc)
   10fdd    10fdd      7bf     1         obj/stark_utils.o:(.debug_loc)
   1179c    1179c      8a4     1         obj/starkware_plugin.o:(.debug_loc)
   12040    12040     2725     1         obj/syscalls.o:(.debug_loc)
   14765    14765      559     1         obj/u2f_impl.o:(.debug_loc)
   14cbe    14cbe       65     1         obj/u2f_io.o:(.debug_loc)
   14d23    14d23      60e     1         obj/u2f_transport.o:(.debug_loc)
   15331    15331       26     1         obj/ui_common_getEth2PublicKey.o:(.debug_loc)
   15357    15357       51     1         obj/ui_common_getPublicKey.o:(.debug_loc)
   153a8    153a8       51     1         obj/ui_common_performPrivacyOperation.o:(.debug_loc)
   153f9    153f9      19e     1         obj/ui_common_signMessage.o:(.debug_loc)
   15597    15597      301     1         obj/ui_common_signMessage712.o:(.debug_loc)
   15898    15898      24d     1         obj/ui_common_signTx.o:(.debug_loc)
   15ae5    15ae5       26     1         obj/ui_common_stark_getPublicKey.o:(.debug_loc)
   15b0b    15b0b       3e     1         obj/ui_common_stark_sign.o:(.debug_loc)
   15b49    15b49      108     1         obj/ui_common_stark_unsafe_sign.o:(.debug_loc)
   15c51    15c51       a2     1         obj/ui_flow.o:(.debug_loc)
   15cf3    15cf3       31     1         obj/ui_flow_getEth2PublicKey.o:(.debug_loc)
   15d24    15d24       62     1         obj/ui_flow_signMessage712.o:(.debug_loc)
   15d86    15d86       fc     1         obj/ui_flow_signTx.o:(.debug_loc)
   15e82    15e82       93     1         obj/ui_flow_stark_sign.o:(.debug_loc)
   15f15    15f15       62     1         obj/ui_flow_stark_unsafe_sign.o:(.debug_loc)
   15f77    15f77       26     1         obj/ui_plugin.o:(.debug_loc)
   15f9d    15f9d     20ed     1         obj/uint256.o:(.debug_loc)
   1808a    1808a      2f5     1         obj/usbd_conf.o:(.debug_loc)
   1837f    1837f      639     1         obj/usbd_core.o:(.debug_loc)
   189b8    189b8      74f     1         obj/usbd_ctlreq.o:(.debug_loc)
   19107    19107      155     1         obj/usbd_hid.o:(.debug_loc)
   1925c    1925c      48d     1         obj/usbd_impl.o:(.debug_loc)
   196e9    196e9      19b     1         obj/usbd_ioreq.o:(.debug_loc)
   19884    19884      690     1         obj/utils.o:(.debug_loc)
   19f14    19f14      2e5     1         obj/ux_flow_engine.o:(.debug_loc)
   1a1f9    1a1f9       4c     1         obj/ux_layout_bb.o:(.debug_loc)
   1a245    1a245       5c     1         obj/ux_layout_bn.o:(.debug_loc)
   1a2a1    1a2a1       1e     1         obj/ux_layout_bnn.o:(.debug_loc)
   1a2bf    1a2bf       1e     1         obj/ux_layout_bnnn.o:(.debug_loc)
   1a2dd    1a2dd       5c     1         obj/ux_layout_nn.o:(.debug_loc)
   1a339    1a339       67     1         obj/ux_layout_nnbnn.o:(.debug_loc)
   1a3a0    1a3a0       1e     1         obj/ux_layout_nnn.o:(.debug_loc)
   1a3be    1a3be       1e     1         obj/ux_layout_nnnn.o:(.debug_loc)
   1a3dc    1a3dc      5f8     1         obj/ux_layout_paging.o:(.debug_loc)
   1a9d4    1a9d4      2bd     1         obj/ux_layout_paging_compute.o:(.debug_loc)
   1ac91    1ac91       67     1         obj/ux_layout_pb.o:(.debug_loc)
   1acf8    1acf8       8d     1         obj/ux_layout_pbb.o:(.debug_loc)
   1ad85    1ad85       5c     1         obj/ux_layout_pbn.o:(.debug_loc)
   1ade1    1ade1       67     1         obj/ux_layout_pn.o:(.debug_loc)
   1ae48    1ae48       5c     1         obj/ux_layout_pnn.o:(.debug_loc)
   1aea4    1aea4       92     1         obj/ux_layout_utils.o:(.debug_loc)
   1af36    1af36      147     1         obj/ux_menulist.o:(.debug_loc)
   1b07d    1b07d      24c     1         obj/ux_stack.o:(.debug_loc)
   1b2c9    1b2c9        0     1 PROVIDE ( _nvram = ABSOLUTE ( _nvram_start ) )
   1b2c9    1b2c9        0     1 PROVIDE ( _envram = ABSOLUTE ( _nvram_end ) )
       0        0     33e0     8 .debug_ranges
       0        0      118     1         obj/bagl.o:(.debug_ranges)
     118      118      158     1         obj/ble_gap_aci.o:(.debug_ranges)
     270      270      1b8     1         obj/ble_gatt_aci.o:(.debug_ranges)
     428      428       a0     1         obj/ble_hal_aci.o:(.debug_ranges)
     4c8      4c8      208     1         obj/ble_hci_le.o:(.debug_ranges)
     6d0      6d0       50     1         obj/ble_l2cap_aci.o:(.debug_ranges)
     720      720       18     1         obj/cmd_getEth2PublicKey.o:(.debug_ranges)
     738      738       40     1         obj/cmd_performPrivacyOperation.o:(.debug_ranges)
     778      778       18     1         obj/cmd_provideNFTInfo.o:(.debug_ranges)
     790      790       30     1         obj/cmd_provideTokenInfo.o:(.debug_ranges)
     7c0      7c0       18     1         obj/cmd_setEth2WithdrawalIndex.o:(.debug_ranges)
     7d8      7d8       30     1         obj/cmd_setExternalPlugin.o:(.debug_ranges)
     808      808       18     1         obj/cmd_setPlugin.o:(.debug_ranges)
     820      820       a0     1         obj/cmd_signMessage.o:(.debug_ranges)
     8c0      8c0       18     1         obj/cmd_signTx.o:(.debug_ranges)
     8d8      8d8       40     1         obj/cmd_stark_sign.o:(.debug_ranges)
     918      918       c0     1         obj/compound_plugin.o:(.debug_ranges)
     9d8      9d8      3a0     8         obj/cx_stubs.o:(.debug_ranges)
     d78      d78       90     1         obj/erc1155_plugin.o:(.debug_ranges)
     e08      e08       98     1         obj/erc1155_provide_parameters.o:(.debug_ranges)
     ea0      ea0       50     1         obj/erc1155_ui.o:(.debug_ranges)
     ef0      ef0       e0     1         obj/erc20_plugin.o:(.debug_ranges)
     fd0      fd0       58     1         obj/erc721_plugin.o:(.debug_ranges)
    1028     1028       48     1         obj/erc721_provide_parameters.o:(.debug_ranges)
    1070     1070       58     1         obj/erc721_ui.o:(.debug_ranges)
    10c8     10c8       68     1         obj/eth2_plugin.o:(.debug_ranges)
    1130     1130      1d0     1         obj/ethUstream.o:(.debug_ranges)
    1300     1300       b8     1         obj/ethUtils.o:(.debug_ranges)
    13b8     13b8       98     1         obj/eth_plugin_handler.o:(.debug_ranges)
    1450     1450       18     1         obj/eth_plugin_internal.o:(.debug_ranges)
    1468     1468       18     1         obj/handle_swap_sign_transaction.o:(.debug_ranges)
    1480     1480      1e0     1         obj/ledger_ble.o:(.debug_ranges)
    1660     1660       68     1         obj/ledger_protocol.o:(.debug_ranges)
    16c8     16c8       c0     1         obj/logic_signTx.o:(.debug_ranges)
    1788     1788      180     1         obj/main.o:(.debug_ranges)
    1908     1908       40     1         obj/network.o:(.debug_ranges)
    1948     1948       90     1         obj/os.o:(.debug_ranges)
    19d8     19d8      130     1         obj/os_io_seproxyhal.o:(.debug_ranges)
    1b08     1b08       40     1         obj/os_io_usb.o:(.debug_ranges)
    1b48     1b48       20     1         obj/osal.o:(.debug_ranges)
    1b68     1b68       18     1         obj/pic.o:(.debug_ranges)
    1b80     1b80       20     1         obj/poorstream.o:(.debug_ranges)
    1ba0     1ba0       30     1         obj/stark_crypto.o:(.debug_ranges)
    1bd0     1bd0       78     1         obj/stark_utils.o:(.debug_ranges)
    1c48     1c48      158     1         obj/starkware_plugin.o:(.debug_ranges)
    1da0     1da0      510     1         obj/syscalls.o:(.debug_ranges)
    22b0     22b0       48     1         obj/u2f_impl.o:(.debug_ranges)
    22f8     22f8       e0     1         obj/u2f_transport.o:(.debug_ranges)
    23d8     23d8       18     1         obj/ui_common_getPublicKey.o:(.debug_ranges)
    23f0     23f0       18     1         obj/ui_common_performPrivacyOperation.o:(.debug_ranges)
    2408     2408       18     1         obj/ui_common_signMessage.o:(.debug_ranges)
    2420     2420       38     1         obj/ui_common_signMessage712.o:(.debug_ranges)
    2458     2458       28     1         obj/ui_common_signTx.o:(.debug_ranges)
    2480     2480       78     1         obj/ui_flow.o:(.debug_ranges)
    24f8     24f8       18     1         obj/ui_flow_erc20_approval.o:(.debug_ranges)
    2510     2510       28     1         obj/ui_flow_getEth2PublicKey.o:(.debug_ranges)
    2538     2538       18     1         obj/ui_flow_getPublicKey.o:(.debug_ranges)
    2550     2550       18     1         obj/ui_flow_performPrivacyOperation.o:(.debug_ranges)
    2568     2568       18     1         obj/ui_flow_signMessage.o:(.debug_ranges)
    2580     2580       38     1         obj/ui_flow_signMessage712.o:(.debug_ranges)
    25b8     25b8       58     1         obj/ui_flow_signTx.o:(.debug_ranges)
    2610     2610       18     1         obj/ui_flow_stark_getPublicKey.o:(.debug_ranges)
    2628     2628       50     1         obj/ui_flow_stark_sign.o:(.debug_ranges)
    2678     2678       38     1         obj/ui_flow_stark_unsafe_sign.o:(.debug_ranges)
    26b0     26b0       20     1         obj/ui_plugin.o:(.debug_ranges)
    26d0     26d0      6f0     1         obj/uint256.o:(.debug_ranges)
    2dc0     2dc0       70     1         obj/usbd_conf.o:(.debug_ranges)
    2e30     2e30       b0     1         obj/usbd_core.o:(.debug_ranges)
    2ee0     2ee0       88     1         obj/usbd_ctlreq.o:(.debug_ranges)
    2f68     2f68       20     1         obj/usbd_hid.o:(.debug_ranges)
    2f88     2f88       c8     1         obj/usbd_impl.o:(.debug_ranges)
    3050     3050       38     1         obj/usbd_ioreq.o:(.debug_ranges)
    3088     3088       48     1         obj/utils.o:(.debug_ranges)
    30d0     30d0       98     1         obj/ux_flow_engine.o:(.debug_ranges)
    3168     3168       18     1         obj/ux_layout_bb.o:(.debug_ranges)
    3180     3180       18     1         obj/ux_layout_bn.o:(.debug_ranges)
    3198     3198       18     1         obj/ux_layout_nn.o:(.debug_ranges)
    31b0     31b0       18     1         obj/ux_layout_nnbnn.o:(.debug_ranges)
    31c8     31c8       c8     1         obj/ux_layout_paging.o:(.debug_ranges)
    3290     3290       18     1         obj/ux_layout_paging_compute.o:(.debug_ranges)
    32a8     32a8       18     1         obj/ux_layout_pb.o:(.debug_ranges)
    32c0     32c0       20     1         obj/ux_layout_pbb.o:(.debug_ranges)
    32e0     32e0       18     1         obj/ux_layout_pbn.o:(.debug_ranges)
    32f8     32f8       18     1         obj/ux_layout_pn.o:(.debug_ranges)
    3310     3310       18     1         obj/ux_layout_pnn.o:(.debug_ranges)
    3328     3328       20     1         obj/ux_layout_utils.o:(.debug_ranges)
    3348     3348       28     1         obj/ux_menulist.o:(.debug_ranges)
    3370     3370       70     1         obj/ux_stack.o:(.debug_ranges)
       0        0       49     1 .ARM.attributes
       0        0       49     1         obj/bagl.o:(.ARM.attributes)
       0        0     7e20     4 .symtab
       0        0     7e20     4         <internal>:(.symtab)
       0        0       ab     1 .shstrtab
       0        0       ab     1         <internal>:(.shstrtab)
       0        0     693e     1 .strtab
       0        0     693e     1         <internal>:(.strtab)
